\BOOKMARK [1][-]{section.1}{\376\377\000I\000n\000t\000r\000o\000d\000u\000c\000t\000i\000o\000n\000\040\000t\000o\000\040\000S\000o\000u\000f\000f\000l\000\351\000\040\000D\000a\000t\000a\000l\000o\000g}{}% 1
\BOOKMARK [2][-]{subsection.1.1}{\376\377\000W\000h\000a\000t\000\040\000i\000s\000\040\000D\000a\000t\000a\000l\000o\000g\000?}{section.1}% 2
\BOOKMARK [2][-]{subsection.1.2}{\376\377\000W\000h\000a\000t\000\040\000i\000s\000\040\000S\000o\000u\000f\000f\000l\000\351\000?}{section.1}% 3
\BOOKMARK [2][-]{subsection.1.3}{\376\377\000I\000n\000s\000t\000a\000l\000l\000i\000n\000g\000\040\000S\000o\000u\000f\000f\000l\000\351}{section.1}% 4
\BOOKMARK [2][-]{subsection.1.4}{\376\377\000R\000u\000n\000n\000i\000n\000g\000\040\000S\000o\000u\000f\000f\000l\000\351\000\040\000P\000r\000o\000g\000r\000a\000m\000s}{section.1}% 5
\BOOKMARK [2][-]{subsection.1.5}{\376\377\000C\000o\000r\000e\000\040\000S\000y\000n\000t\000a\000x\000\040\000S\000u\000m\000m\000a\000r\000y}{section.1}% 6
\BOOKMARK [2][-]{subsection.1.6}{\376\377\000T\000h\000e\000\040\000E\000x\000p\000l\000a\000i\000n\000\040\000F\000e\000a\000t\000u\000r\000e}{section.1}% 7
\BOOKMARK [2][-]{subsection.1.7}{\376\377\000S\000t\000r\000a\000t\000i\000f\000i\000c\000a\000t\000i\000o\000n\000\040\000V\000i\000s\000u\000a\000l\000i\000z\000a\000t\000i\000o\000n}{section.1}% 8
\BOOKMARK [1][-]{section.2}{\376\377\000P\000r\000o\000j\000e\000c\000t\000\040\000O\000v\000e\000r\000v\000i\000e\000w}{}% 9
\BOOKMARK [2][-]{subsection.2.1}{\376\377\000W\000h\000a\000t\000\040\000i\000s\000\040\000H\000I\000P\000A\000A\000?}{section.2}% 10
\BOOKMARK [2][-]{subsection.2.2}{\376\377\000W\000h\000a\000t\000\040\000i\000s\000\040\000t\000h\000e\000\040\000P\000r\000i\000v\000a\000c\000y\000\040\000R\000u\000l\000e\000?}{section.2}% 11
\BOOKMARK [2][-]{subsection.2.3}{\376\377\000W\000h\000a\000t\000\040\000a\000r\000e\000\040\000\247\0001\0006\0004\000.\0005\0000\0002\000\040\000a\000n\000d\000\040\000\247\0001\0006\0004\000.\0005\0000\0006\000?}{section.2}% 12
\BOOKMARK [2][-]{subsection.2.4}{\376\377\000T\000h\000e\000\040\000G\000o\000a\000l\000:\000\040\000A\000\040\000C\000o\000m\000p\000l\000i\000a\000n\000c\000e\000\040\000C\000h\000e\000c\000k\000e\000r}{section.2}% 13
\BOOKMARK [1][-]{section.3}{\376\377\000A\000r\000c\000h\000i\000t\000e\000c\000t\000u\000r\000e\000\040\000a\000n\000d\000\040\000F\000i\000l\000e\000\040\000O\000r\000g\000a\000n\000i\000z\000a\000t\000i\000o\000n}{}% 14
\BOOKMARK [2][-]{subsection.3.1}{\376\377\000F\000i\000l\000e\000\040\000O\000v\000e\000r\000v\000i\000e\000w}{section.3}% 15
\BOOKMARK [2][-]{subsection.3.2}{\376\377\000D\000e\000p\000e\000n\000d\000e\000n\000c\000y\000\040\000O\000r\000d\000e\000r}{section.3}% 16
\BOOKMARK [1][-]{section.4}{\376\377\000G\000e\000n\000e\000r\000a\000l\000\040\000P\000r\000i\000n\000c\000i\000p\000l\000e\000s\000\040\000o\000f\000\040\000M\000o\000d\000e\000l\000i\000n\000g}{}% 17
\BOOKMARK [2][-]{subsection.4.1}{\376\377\000H\000i\000g\000h\000-\000L\000e\000v\000e\000l\000\040\000R\000u\000l\000e\000\040\000O\000r\000g\000a\000n\000i\000z\000a\000t\000i\000o\000n\000\040\000P\000a\000t\000t\000e\000r\000n}{section.4}% 18
\BOOKMARK [2][-]{subsection.4.2}{\376\377\000T\000h\000r\000e\000e\000\040\000T\000y\000p\000e\000s\000\040\000o\000f\000\040\000N\000o\000r\000m\000s}{section.4}% 19
\BOOKMARK [2][-]{subsection.4.3}{\376\377\000E\000x\000c\000e\000p\000t\000i\000o\000n\000\040\000H\000a\000n\000d\000l\000i\000n\000g\000\040\000P\000a\000t\000t\000e\000r\000n\000s}{section.4}% 20
\BOOKMARK [2][-]{subsection.4.4}{\376\377\000O\000r\000a\000c\000l\000e\000\040\000P\000r\000e\000d\000i\000c\000a\000t\000e\000s\000\040\000v\000s\000.\000\040\000D\000e\000r\000i\000v\000e\000d\000\040\000P\000r\000e\000d\000i\000c\000a\000t\000e\000s}{section.4}% 21
\BOOKMARK [2][-]{subsection.4.5}{\376\377\000T\000h\000e\000\040\000A\000c\000t\000i\000o\000n\000\040\000P\000a\000r\000a\000m\000e\000t\000e\000r\000\040\000T\000r\000a\000n\000s\000l\000a\000t\000i\000o\000n}{section.4}% 22
\BOOKMARK [2][-]{subsection.4.6}{\376\377\000C\000l\000o\000s\000e\000d\000-\000W\000o\000r\000l\000d\000\040\000A\000s\000s\000u\000m\000p\000t\000i\000o\000n\000\040\000f\000o\000r\000\040\000D\000e\000n\000i\000a\000l}{section.4}% 23
\BOOKMARK [2][-]{subsection.4.7}{\376\377\000S\000t\000u\000b\000\040\000P\000a\000t\000t\000e\000r\000n\000\040\000f\000o\000r\000\040\000I\000n\000c\000r\000e\000m\000e\000n\000t\000a\000l\000\040\000F\000o\000r\000m\000a\000l\000i\000z\000a\000t\000i\000o\000n}{section.4}% 24
\BOOKMARK [1][-]{section.5}{\376\377\000T\000y\000p\000e\000\040\000S\000y\000s\000t\000e\000m\000\040\000a\000n\000d\000\040\000A\000D\000T\000\040\000E\000x\000p\000l\000a\000n\000a\000t\000i\000o\000n\000\040\000T\000r\000e\000e\000s}{}% 25
\BOOKMARK [2][-]{subsection.5.1}{\376\377\000T\000h\000e\000\040\0006\000-\000T\000u\000p\000l\000e\000\040\000A\000c\000t\000i\000o\000n\000\040\000S\000i\000g\000n\000a\000t\000u\000r\000e}{section.5}% 26
\BOOKMARK [2][-]{subsection.5.2}{\376\377\000P\000r\000e\000p\000r\000o\000c\000e\000s\000s\000o\000r\000\040\000M\000a\000c\000r\000o\000s\000\040\000f\000o\000r\000\040\000t\000h\000e\000\040\000S\000i\000g\000n\000a\000t\000u\000r\000e}{section.5}% 27
\BOOKMARK [2][-]{subsection.5.3}{\376\377\000P\000r\000i\000m\000i\000t\000i\000v\000e\000\040\000D\000o\000m\000a\000i\000n\000\040\000T\000y\000p\000e\000s}{section.5}% 28
\BOOKMARK [2][-]{subsection.5.4}{\376\377\000T\000h\000e\000\040\000E\000x\000p\000l\000\040\000A\000D\000T\000:\000\040\000E\000x\000p\000l\000a\000n\000a\000t\000i\000o\000n\000\040\000T\000r\000e\000e\000s}{section.5}% 29
\BOOKMARK [2][-]{subsection.5.5}{\376\377\000H\000o\000w\000\040\000E\000x\000p\000l\000a\000n\000a\000t\000i\000o\000n\000\040\000T\000r\000e\000e\000s\000\040\000C\000o\000m\000p\000o\000s\000e}{section.5}% 30
\BOOKMARK [1][-]{section.6}{\376\377\000H\000i\000e\000r\000a\000r\000c\000h\000y\000\040\000D\000e\000s\000i\000g\000n}{}% 31
\BOOKMARK [2][-]{subsection.6.1}{\376\377\000R\000o\000l\000e\000\040\000H\000i\000e\000r\000a\000r\000c\000h\000y}{section.6}% 32
\BOOKMARK [2][-]{subsection.6.2}{\376\377\000T\000r\000a\000n\000s\000i\000t\000i\000v\000e\000\040\000C\000l\000o\000s\000u\000r\000e}{section.6}% 33
\BOOKMARK [2][-]{subsection.6.3}{\376\377\000A\000t\000t\000r\000i\000b\000u\000t\000e\000\040\000H\000i\000e\000r\000a\000r\000c\000h\000y}{section.6}% 34
\BOOKMARK [2][-]{subsection.6.4}{\376\377\000P\000u\000r\000p\000o\000s\000e\000\040\000H\000i\000e\000r\000a\000r\000c\000h\000y}{section.6}% 35
\BOOKMARK [1][-]{section.7}{\376\377\000M\000a\000c\000r\000o\000/\000H\000e\000l\000p\000e\000r\000\040\000P\000r\000e\000d\000i\000c\000a\000t\000e\000s}{}% 36
\BOOKMARK [2][-]{subsection.7.1}{\376\377\000E\000n\000t\000i\000t\000y\000\040\000R\000o\000l\000e\000\040\000C\000h\000e\000c\000k\000s}{section.7}% 37
\BOOKMARK [2][-]{subsection.7.2}{\376\377\000A\000t\000t\000r\000i\000b\000u\000t\000e\000\040\000a\000n\000d\000\040\000P\000u\000r\000p\000o\000s\000e\000\040\000C\000h\000e\000c\000k\000s}{section.7}% 38
\BOOKMARK [2][-]{subsection.7.3}{\376\377\000P\000e\000r\000s\000o\000n\000a\000l\000\040\000R\000e\000p\000r\000e\000s\000e\000n\000t\000a\000t\000i\000v\000e\000\040\000\050\000\247\0001\0006\0004\000.\0005\0000\0002\000\050\000g\000\051\000\051}{section.7}% 39
\BOOKMARK [2][-]{subsection.7.4}{\376\377\000O\000r\000a\000c\000l\000e\000\040\000P\000r\000e\000d\000i\000c\000a\000t\000e\000s}{section.7}% 40
\BOOKMARK [1][-]{section.8}{\376\377\000F\000o\000r\000m\000a\000l\000i\000z\000a\000t\000i\000o\000n\000\040\000o\000f\000\040\000\247\0001\0006\0004\000.\0005\0000\0006}{}% 41
\BOOKMARK [2][-]{subsection.8.1}{\376\377\000\247\0001\0006\0004\000.\0005\0000\0006\000\040\040\024\000\040\000T\000o\000p\000-\000L\000e\000v\000e\000l}{section.8}% 42
\BOOKMARK [2][-]{subsection.8.2}{\376\377\000\247\0001\0006\0004\000.\0005\0000\0006\000\050\000a\000\051\000\040\040\024\000\040\000S\000t\000a\000n\000d\000a\000r\000d\000\040\000P\000e\000r\000m\000i\000t\000t\000e\000d\000\040\000U\000s\000e\000s}{section.8}% 43
\BOOKMARK [2][-]{subsection.8.3}{\376\377\000\247\0001\0006\0004\000.\0005\0000\0006\000\050\000b\000\051\000\040\040\024\000\040\000C\000o\000n\000s\000e\000n\000t\000\040\000f\000o\000r\000\040\000T\000P\000O}{section.8}% 44
\BOOKMARK [2][-]{subsection.8.4}{\376\377\000\247\0001\0006\0004\000.\0005\0000\0006\000\050\000c\000\051\000\040\040\024\000\040\000I\000m\000p\000l\000e\000m\000e\000n\000t\000a\000t\000i\000o\000n\000\040\000S\000p\000e\000c\000i\000f\000i\000c\000a\000t\000i\000o\000n}{section.8}% 45
\BOOKMARK [3][-]{subsubsection.8.4.1}{\376\377\000\247\0001\0006\0004\000.\0005\0000\0006\000\050\000c\000\051\000\050\0001\000\051\000\040\040\024\000\040\000O\000w\000n\000\040\000T\000P\000O}{subsection.8.4}% 46
\BOOKMARK [3][-]{subsubsection.8.4.2}{\376\377\000\247\0001\0006\0004\000.\0005\0000\0006\000\050\000c\000\051\000\050\0002\000\051\000\040\040\024\000\040\000T\000r\000e\000a\000t\000m\000e\000n\000t\000\040\000A\000c\000t\000i\000v\000i\000t\000i\000e\000s\000\040\000o\000f\000\040\000a\000\040\000P\000r\000o\000v\000i\000d\000e\000r}{subsection.8.4}% 47
\BOOKMARK [3][-]{subsubsection.8.4.3}{\376\377\000\247\0001\0006\0004\000.\0005\0000\0006\000\050\000c\000\051\000\050\0003\000\051\000\040\040\024\000\040\000P\000a\000y\000m\000e\000n\000t\000\040\000A\000c\000t\000i\000v\000i\000t\000i\000e\000s\000\040\000o\000f\000\040\000R\000e\000c\000e\000i\000v\000i\000n\000g\000\040\000E\000n\000t\000i\000t\000y}{subsection.8.4}% 48
\BOOKMARK [3][-]{subsubsection.8.4.4}{\376\377\000\247\0001\0006\0004\000.\0005\0000\0006\000\050\000c\000\051\000\050\0004\000\051\000\040\040\024\000\040\000H\000e\000a\000l\000t\000h\000c\000a\000r\000e\000\040\000O\000p\000e\000r\000a\000t\000i\000o\000n\000s\000\040\000B\000e\000t\000w\000e\000e\000n\000\040\000C\000o\000v\000e\000r\000e\000d\000\040\000E\000n\000t\000i\000t\000i\000e\000s}{subsection.8.4}% 49
\BOOKMARK [3][-]{subsubsection.8.4.5}{\376\377\000\247\0001\0006\0004\000.\0005\0000\0006\000\050\000c\000\051\000\050\0005\000\051\000\040\040\024\000\040\000O\000r\000g\000a\000n\000i\000z\000e\000d\000\040\000H\000e\000a\000l\000t\000h\000\040\000C\000a\000r\000e\000\040\000A\000r\000r\000a\000n\000g\000e\000m\000e\000n\000t}{subsection.8.4}% 50
\BOOKMARK [1][-]{section.9}{\376\377\000F\000o\000r\000m\000a\000l\000i\000z\000a\000t\000i\000o\000n\000\040\000o\000f\000\040\000\247\0001\0006\0004\000.\0005\0000\0002}{}% 51
\BOOKMARK [2][-]{subsection.9.1}{\376\377\000\247\0001\0006\0004\000.\0005\0000\0002\000\040\040\024\000\040\000T\000o\000p\000-\000L\000e\000v\000e\000l}{section.9}% 52
\BOOKMARK [2][-]{subsection.9.2}{\376\377\000\247\0001\0006\0004\000.\0005\0000\0002\000\050\000a\000\051\000\040\040\024\000\040\000P\000e\000r\000m\000i\000t\000t\000e\000d\000\040\000a\000n\000d\000\040\000R\000e\000q\000u\000i\000r\000e\000d\000\040\000D\000i\000s\000c\000l\000o\000s\000u\000r\000e\000s}{section.9}% 53
\BOOKMARK [2][-]{subsection.9.3}{\376\377\000\247\0001\0006\0004\000.\0005\0000\0002\000\050\000a\000\051\000\050\0001\000\051\000\040\040\024\000\040\000P\000e\000r\000m\000i\000t\000t\000e\000d\000\040\000U\000s\000e\000s\000\040\000\050\000i\000\040\000t\000h\000r\000o\000u\000g\000h\000\040\000v\000i\000\051}{section.9}% 54
\BOOKMARK [3][-]{subsubsection.9.3.1}{\376\377\000\247\0001\0006\0004\000.\0005\0000\0002\000\050\000a\000\051\000\050\0001\000\051\000\050\000i\000\051\000\040\040\024\000\040\000T\000o\000\040\000t\000h\000e\000\040\000I\000n\000d\000i\000v\000i\000d\000u\000a\000l}{subsection.9.3}% 55
\BOOKMARK [3][-]{subsubsection.9.3.2}{\376\377\000\247\0001\0006\0004\000.\0005\0000\0002\000\050\000a\000\051\000\050\0001\000\051\000\050\000i\000i\000\051\000\040\040\024\000\040\000T\000P\000O\000\040\000p\000e\000r\000\040\000\247\0001\0006\0004\000.\0005\0000\0006}{subsection.9.3}% 56
\BOOKMARK [3][-]{subsubsection.9.3.3}{\376\377\000\247\0001\0006\0004\000.\0005\0000\0002\000\050\000a\000\051\000\050\0001\000\051\000\050\000i\000i\000i\000\051\000\040\040\024\000\040\000I\000n\000c\000i\000d\000e\000n\000t\000\040\000t\000o\000\040\000U\000s\000e}{subsection.9.3}% 57
\BOOKMARK [3][-]{subsubsection.9.3.4}{\376\377\000\247\0001\0006\0004\000.\0005\0000\0002\000\050\000a\000\051\000\050\0001\000\051\000\050\000i\000v\000\051\000\040\040\024\000\040\000V\000a\000l\000i\000d\000\040\000A\000u\000t\000h\000o\000r\000i\000z\000a\000t\000i\000o\000n\000\040\000p\000e\000r\000\040\000\247\0001\0006\0004\000.\0005\0000\0008}{subsection.9.3}% 58
\BOOKMARK [3][-]{subsubsection.9.3.5}{\376\377\000\247\0001\0006\0004\000.\0005\0000\0002\000\050\000a\000\051\000\050\0001\000\051\000\050\000v\000\051\000\040\040\024\000\040\000A\000g\000r\000e\000e\000m\000e\000n\000t\000\040\000p\000e\000r\000\040\000\247\0001\0006\0004\000.\0005\0001\0000}{subsection.9.3}% 59
\BOOKMARK [3][-]{subsubsection.9.3.6}{\376\377\000\247\0001\0006\0004\000.\0005\0000\0002\000\050\000a\000\051\000\050\0001\000\051\000\050\000v\000i\000\051\000\040\040\024\000\040\000P\000e\000r\000\040\000\247\0001\0006\0004\000.\0005\0001\0002\000,\000\040\000\247\0001\0006\0004\000.\0005\0001\0004\000\050\000e\000\051\000\050\000f\000\051\000\050\000g\000\051}{subsection.9.3}% 60
\BOOKMARK [2][-]{subsection.9.4}{\376\377\000\247\0001\0006\0004\000.\0005\0000\0002\000\050\000a\000\051\000\050\0002\000\051\000\040\040\024\000\040\000R\000e\000q\000u\000i\000r\000e\000d\000\040\000D\000i\000s\000c\000l\000o\000s\000u\000r\000e\000s}{section.9}% 61
\BOOKMARK [3][-]{subsubsection.9.4.1}{\376\377\000\247\0001\0006\0004\000.\0005\0000\0002\000\050\000a\000\051\000\050\0002\000\051\000\050\000i\000\051\000\040\040\024\000\040\000T\000o\000\040\000I\000n\000d\000i\000v\000i\000d\000u\000a\000l\000\040\000U\000p\000o\000n\000\040\000R\000e\000q\000u\000e\000s\000t}{subsection.9.4}% 62
\BOOKMARK [3][-]{subsubsection.9.4.2}{\376\377\000\247\0001\0006\0004\000.\0005\0000\0002\000\050\000a\000\051\000\050\0002\000\051\000\050\000i\000i\000\051\000\040\040\024\000\040\000T\000o\000\040\000t\000h\000e\000\040\000S\000e\000c\000r\000e\000t\000a\000r\000y\000\040\000f\000o\000r\000\040\000I\000n\000v\000e\000s\000t\000i\000g\000a\000t\000i\000o\000n}{subsection.9.4}% 63
\BOOKMARK [2][-]{subsection.9.5}{\376\377\000\247\0001\0006\0004\000.\0005\0000\0002\000\050\000b\000\051\000\040\040\024\000\040\000M\000i\000n\000i\000m\000u\000m\000\040\000N\000e\000c\000e\000s\000s\000a\000r\000y\000\040\000S\000t\000a\000n\000d\000a\000r\000d}{section.9}% 64
\BOOKMARK [2][-]{subsection.9.6}{\376\377\000\247\0001\0006\0004\000.\0005\0000\0002\000\050\000d\000\051\000\040\040\024\000\040\000D\000e\000-\000i\000d\000e\000n\000t\000i\000f\000i\000e\000d\000\040\000I\000n\000f\000o\000r\000m\000a\000t\000i\000o\000n}{section.9}% 65
\BOOKMARK [2][-]{subsection.9.7}{\376\377\000\247\0001\0006\0004\000.\0005\0000\0002\000\050\000e\000\051\000\040\040\024\000\040\000B\000u\000s\000i\000n\000e\000s\000s\000\040\000A\000s\000s\000o\000c\000i\000a\000t\000e\000s}{section.9}% 66
\BOOKMARK [2][-]{subsection.9.8}{\376\377\000\247\0001\0006\0004\000.\0005\0000\0002\000\050\000h\000\051\000\040\040\024\000\040\000P\000r\000o\000v\000i\000d\000e\000r\000/\000P\000l\000a\000n\000\040\000C\000o\000m\000m\000u\000n\000i\000c\000a\000t\000i\000o\000n}{section.9}% 67
\BOOKMARK [2][-]{subsection.9.9}{\376\377\000\247\0001\0006\0004\000.\0005\0000\0002\000\050\000i\000\051\000\040\040\024\000\040\000N\000o\000t\000i\000c\000e\000\040\000C\000o\000n\000s\000i\000s\000t\000e\000n\000c\000y}{section.9}% 68
\BOOKMARK [2][-]{subsection.9.10}{\376\377\000\247\0001\0006\0004\000.\0005\0000\0002\000\050\000j\000\051\000\040\040\024\000\040\000W\000h\000i\000s\000t\000l\000e\000b\000l\000o\000w\000e\000r\000\040\000a\000n\000d\000\040\000C\000r\000i\000m\000e\000\040\000V\000i\000c\000t\000i\000m\000\040\000P\000r\000o\000t\000e\000c\000t\000i\000o\000n\000s}{section.9}% 69
\BOOKMARK [3][-]{subsubsection.9.10.1}{\376\377\000\247\0001\0006\0004\000.\0005\0000\0002\000\050\000j\000\051\000\050\0001\000\051\000\040\040\024\000\040\000W\000h\000i\000s\000t\000l\000e\000b\000l\000o\000w\000e\000r}{subsection.9.10}% 70
\BOOKMARK [3][-]{subsubsection.9.10.2}{\376\377\000\247\0001\0006\0004\000.\0005\0000\0002\000\050\000j\000\051\000\050\0002\000\051\000\040\040\024\000\040\000C\000r\000i\000m\000e\000\040\000V\000i\000c\000t\000i\000m}{subsection.9.10}% 71
\BOOKMARK [1][-]{section.10}{\376\377\000H\000a\000n\000d\000l\000i\000n\000g\000\040\000N\000e\000g\000a\000t\000i\000o\000n}{}% 72
\BOOKMARK [2][-]{subsection.10.1}{\376\377\000S\000t\000r\000a\000t\000i\000f\000i\000e\000d\000\040\000N\000e\000g\000a\000t\000i\000o\000n\000\040\000i\000n\000\040\000S\000o\000u\000f\000f\000l\000\351}{section.10}% 73
\BOOKMARK [2][-]{subsection.10.2}{\376\377\000S\000t\000r\000a\000t\000i\000f\000i\000c\000a\000t\000i\000o\000n\000\040\000D\000e\000s\000i\000g\000n\000\040\000i\000n\000\040\000t\000h\000e\000\040\000H\000I\000P\000A\000A\000\040\000C\000h\000e\000c\000k\000e\000r}{section.10}% 74
\BOOKMARK [2][-]{subsection.10.3}{\376\377\000E\000x\000a\000m\000p\000l\000e\000s\000\040\000o\000f\000\040\000N\000e\000g\000a\000t\000i\000o\000n\000\040\000i\000n\000\040\000t\000h\000e\000\040\000C\000o\000d\000e\000b\000a\000s\000e}{section.10}% 75
\BOOKMARK [2][-]{subsection.10.4}{\376\377\000S\000a\000f\000e\000t\000y\000\040\000R\000u\000l\000e\000\040\000f\000o\000r\000\040\000N\000e\000g\000a\000t\000i\000o\000n}{section.10}% 76
\BOOKMARK [1][-]{section.11}{\376\377\000H\000a\000n\000d\000l\000i\000n\000g\000\040\000T\000e\000m\000p\000o\000r\000a\000l\000\040\000L\000o\000g\000i\000c}{}% 77
\BOOKMARK [2][-]{subsection.11.1}{\376\377\000W\000h\000y\000\040\000T\000e\000m\000p\000o\000r\000a\000l\000\040\000L\000o\000g\000i\000c\000\040\000M\000a\000t\000t\000e\000r\000s}{section.11}% 78
\BOOKMARK [2][-]{subsection.11.2}{\376\377\000W\000h\000y\000\040\000K\000a\000m\000p\000-\000S\000t\000y\000l\000e\000\040\000T\000r\000a\000n\000s\000l\000a\000t\000i\000o\000n\000\040\000W\000a\000s\000\040\000D\000e\000f\000e\000r\000r\000e\000d}{section.11}% 79
\BOOKMARK [2][-]{subsection.11.3}{\376\377\000O\000r\000a\000c\000l\000e\000\040\000P\000r\000e\000d\000i\000c\000a\000t\000e\000s\000\040\000a\000s\000\040\000T\000e\000m\000p\000o\000r\000a\000l\000\040\000S\000u\000b\000s\000t\000i\000t\000u\000t\000e\000s}{section.11}% 80
\BOOKMARK [2][-]{subsection.11.4}{\376\377\000F\000u\000t\000u\000r\000e\000\040\000T\000e\000m\000p\000o\000r\000a\000l\000\040\000I\000n\000f\000r\000a\000s\000t\000r\000u\000c\000t\000u\000r\000e}{section.11}% 81
\BOOKMARK [1][-]{section.12}{\376\377\000S\000t\000u\000b\000\040\000P\000a\000t\000t\000e\000r\000n\000\040\000f\000o\000r\000\040\000U\000n\000f\000o\000r\000m\000a\000l\000i\000z\000e\000d\000\040\000S\000e\000c\000t\000i\000o\000n\000s}{}% 82
\BOOKMARK [2][-]{subsection.12.1}{\376\377\000T\000h\000e\000\040\000P\000r\000o\000b\000l\000e\000m}{section.12}% 83
\BOOKMARK [2][-]{subsection.12.2}{\376\377\000T\000h\000e\000\040\000S\000o\000l\000u\000t\000i\000o\000n\000:\000\040\000E\000m\000p\000t\000y\000\040\000D\000e\000c\000l\000a\000r\000a\000t\000i\000o\000n\000s}{section.12}% 84
\BOOKMARK [2][-]{subsection.12.3}{\376\377\000C\000o\000n\000s\000e\000r\000v\000a\000t\000i\000v\000e\000\040\000D\000e\000f\000a\000u\000l\000t}{section.12}% 85
\BOOKMARK [1][-]{section.13}{\376\377\000G\000r\000o\000u\000n\000d\000i\000n\000g\000\040\000I\000s\000s\000u\000e\000s}{}% 86
\BOOKMARK [2][-]{subsection.13.1}{\376\377\000T\000h\000e\000\040\000G\000r\000o\000u\000n\000d\000i\000n\000g\000\040\000R\000e\000q\000u\000i\000r\000e\000m\000e\000n\000t}{section.13}% 87
\BOOKMARK [2][-]{subsection.13.2}{\376\377\000P\000r\000o\000b\000l\000e\000m\000:\000\040\000U\000n\000r\000e\000s\000t\000r\000i\000c\000t\000e\000d\000\040\000P\000u\000r\000p\000o\000s\000e\000\040\000V\000a\000r\000i\000a\000b\000l\000e}{section.13}% 88
\BOOKMARK [2][-]{subsection.13.3}{\376\377\000S\000o\000l\000u\000t\000i\000o\000n\000:\000\040\000k\000n\000o\000w\000n\000\137\000p\000u\000r\000p\000o\000s\000e\000\050\000u\000\051}{section.13}% 89
\BOOKMARK [2][-]{subsection.13.4}{\376\377\000P\000r\000o\000b\000l\000e\000m\000:\000\040\000U\000n\000r\000e\000s\000t\000r\000i\000c\000t\000e\000d\000\040\000D\000i\000s\000c\000l\000o\000s\000u\000r\000e\000\040\000i\000n\000\040\000\050\000d\000\051\000\050\0002\000\051}{section.13}% 90
\BOOKMARK [1][-]{section.14}{\376\377\000P\000r\000o\000l\000o\000g\000\040\000t\000o\000\040\000S\000o\000u\000f\000f\000l\000\351\000\040\000T\000r\000a\000n\000s\000l\000a\000t\000i\000o\000n}{}% 91
\BOOKMARK [1][-]{section.15}{\376\377\000T\000e\000s\000t\000\040\000S\000c\000e\000n\000a\000r\000i\000o\000s}{}% 92
\BOOKMARK [2][-]{subsection.15.1}{\376\377\000P\000r\000i\000n\000c\000i\000p\000a\000l\000s\000\040\000a\000n\000d\000\040\000R\000o\000l\000e\000s}{section.15}% 93
\BOOKMARK [2][-]{subsection.15.2}{\376\377\000T\000h\000e\000\040\0001\0000\000\040\000S\000c\000e\000n\000a\000r\000i\000o\000s}{section.15}% 94
\BOOKMARK [2][-]{subsection.15.3}{\376\377\000S\000c\000e\000n\000a\000r\000i\000o\000\040\000A\000n\000a\000l\000y\000s\000i\000s}{section.15}% 95
\BOOKMARK [3][-]{subsubsection.15.3.1}{\376\377\000S\000c\000e\000n\000a\000r\000i\000o\000\040\0001\000:\000\040\000H\000o\000s\000p\000i\000t\000a\000l\000\040\000t\000o\000\040\000D\000o\000c\000t\000o\000r\000\040\000f\000o\000r\000\040\000T\000r\000e\000a\000t\000m\000e\000n\000t}{subsection.15.3}% 96
\BOOKMARK [3][-]{subsubsection.15.3.2}{\376\377\000S\000c\000e\000n\000a\000r\000i\000o\000\040\0004\000:\000\040\000H\000o\000s\000p\000i\000t\000a\000l\000\040\000t\000o\000\040\000R\000a\000n\000d\000o\000m\000\040\000P\000e\000r\000s\000o\000n\000\040\000f\000o\000r\000\040\000M\000a\000r\000k\000e\000t\000i\000n\000g\000\040\000\050\000D\000E\000N\000Y\000\051}{subsection.15.3}% 97
\BOOKMARK [3][-]{subsubsection.15.3.3}{\376\377\000S\000c\000e\000n\000a\000r\000i\000o\000\040\0009\000:\000\040\000P\000a\000r\000e\000n\000t\000\040\000R\000e\000q\000u\000e\000s\000t\000s\000\040\000P\000H\000I\000\040\000A\000b\000o\000u\000t\000\040\000M\000i\000n\000o\000r\000\040\000C\000h\000i\000l\000d}{subsection.15.3}% 98
\BOOKMARK [1][-]{section.16}{\376\377\000H\000o\000w\000\040\000t\000o\000\040\000R\000u\000n\000\040\000E\000v\000e\000r\000y\000t\000h\000i\000n\000g}{}% 99
\BOOKMARK [2][-]{subsection.16.1}{\376\377\000S\000t\000e\000p\000\040\0001\000:\000\040\000I\000n\000s\000t\000a\000l\000l\000\040\000S\000o\000u\000f\000f\000l\000\351}{section.16}% 100
\BOOKMARK [2][-]{subsection.16.2}{\376\377\000S\000t\000e\000p\000\040\0002\000:\000\040\000N\000a\000v\000i\000g\000a\000t\000e\000\040\000t\000o\000\040\000t\000h\000e\000\040\000P\000r\000o\000j\000e\000c\000t\000\040\000D\000i\000r\000e\000c\000t\000o\000r\000y}{section.16}% 101
\BOOKMARK [2][-]{subsection.16.3}{\376\377\000S\000t\000e\000p\000\040\0003\000:\000\040\000R\000u\000n\000\040\000t\000h\000e\000\040\000C\000o\000m\000p\000l\000i\000a\000n\000c\000e\000\040\000C\000h\000e\000c\000k\000e\000r}{section.16}% 102
\BOOKMARK [2][-]{subsection.16.4}{\376\377\000S\000t\000e\000p\000\040\0004\000:\000\040\000I\000n\000t\000e\000r\000p\000r\000e\000t\000\040\000t\000h\000e\000\040\000O\000u\000t\000p\000u\000t}{section.16}% 103
\BOOKMARK [2][-]{subsection.16.5}{\376\377\000S\000t\000e\000p\000\040\0005\000:\000\040\000U\000s\000e\000\040\000E\000x\000p\000l\000a\000i\000n\000\040\000M\000o\000d\000e\000\040\000f\000o\000r\000\040\000D\000e\000b\000u\000g\000g\000i\000n\000g}{section.16}% 104
\BOOKMARK [2][-]{subsection.16.6}{\376\377\000S\000t\000e\000p\000\040\0006\000:\000\040\000A\000d\000d\000\040\000N\000e\000w\000\040\000T\000e\000s\000t\000\040\000S\000c\000e\000n\000a\000r\000i\000o\000s}{section.16}% 105
\BOOKMARK [1][-]{section.17}{\376\377\000L\000e\000s\000s\000o\000n\000s\000\040\000L\000e\000a\000r\000n\000e\000d\000\040\000a\000n\000d\000\040\000D\000e\000b\000u\000g\000g\000i\000n\000g\000\040\000T\000i\000p\000s}{}% 106
\BOOKMARK [2][-]{subsection.17.1}{\376\377\000R\000e\000s\000e\000r\000v\000e\000d\000\040\000W\000o\000r\000d\000s}{section.17}% 107
\BOOKMARK [2][-]{subsection.17.2}{\376\377\000G\000r\000o\000u\000n\000d\000i\000n\000g\000\040\000E\000r\000r\000o\000r\000s}{section.17}% 108
\BOOKMARK [2][-]{subsection.17.3}{\376\377\000S\000t\000r\000a\000t\000i\000f\000i\000c\000a\000t\000i\000o\000n\000\040\000E\000r\000r\000o\000r\000s}{section.17}% 109
\BOOKMARK [2][-]{subsection.17.4}{\376\377\000A\000D\000T\000\040\000C\000o\000n\000s\000t\000r\000u\000c\000t\000o\000r\000\040\000N\000a\000m\000e\000s\000\040\000M\000u\000s\000t\000\040\000B\000e\000\040\000G\000l\000o\000b\000a\000l\000l\000y\000\040\000U\000n\000i\000q\000u\000e}{section.17}% 110
\BOOKMARK [2][-]{subsection.17.5}{\376\377\000D\000i\000s\000j\000u\000n\000c\000t\000i\000o\000n\000\040\000G\000o\000t\000c\000h\000a\000s}{section.17}% 111
\BOOKMARK [2][-]{subsection.17.6}{\376\377\000E\000m\000p\000t\000y\000\040\000S\000t\000u\000b\000s\000\040\000a\000n\000d\000\040\000U\000n\000i\000n\000t\000e\000n\000d\000e\000d\000\040\000B\000l\000o\000c\000k\000i\000n\000g}{section.17}% 112
\BOOKMARK [2][-]{subsection.17.7}{\376\377\000T\000h\000e\000\040\000C\000l\000o\000s\000e\000d\000-\000W\000o\000r\000l\000d\000\040\000A\000s\000s\000u\000m\000p\000t\000i\000o\000n\000\040\000a\000n\000d\000\040\000D\000e\000n\000i\000a\000l}{section.17}% 113
\BOOKMARK [1][-]{section.18}{\376\377\000F\000o\000r\000m\000a\000l\000i\000z\000a\000t\000i\000o\000n\000\040\000o\000f\000\040\000\247\0001\0006\0004\000.\0005\0000\0008\000\040\040\024\000\040\000A\000u\000t\000h\000o\000r\000i\000z\000a\000t\000i\000o\000n\000\040\000R\000e\000q\000u\000i\000r\000e\000d}{}% 114
\BOOKMARK [2][-]{subsection.18.1}{\376\377\000W\000h\000a\000t\000\040\000i\000s\000\040\000A\000u\000t\000h\000o\000r\000i\000z\000a\000t\000i\000o\000n\000?}{section.18}% 115
\BOOKMARK [2][-]{subsection.18.2}{\376\377\000T\000h\000e\000\040\000N\000e\000g\000a\000t\000i\000v\000e\000\040\000N\000o\000r\000m\000\040\000C\000o\000n\000c\000e\000p\000t}{section.18}% 116
\BOOKMARK [2][-]{subsection.18.3}{\376\377\000S\000t\000r\000u\000c\000t\000u\000r\000e\000\040\000o\000f\000\040\000t\000h\000e\000\040\000N\000e\000g\000a\000t\000i\000v\000e\000\040\000N\000o\000r\000m}{section.18}% 117
\BOOKMARK [2][-]{subsection.18.4}{\376\377\000E\000x\000c\000e\000p\000t\000i\000o\000n\000\040\000P\000r\000e\000d\000i\000c\000a\000t\000e\000s}{section.18}% 118
\BOOKMARK [2][-]{subsection.18.5}{\376\377\000E\000x\000a\000m\000p\000l\000e\000:\000\040\000P\000s\000y\000c\000h\000o\000t\000h\000e\000r\000a\000p\000y\000\040\000N\000o\000t\000e\000s\000\040\000f\000o\000r\000\040\000P\000a\000y\000m\000e\000n\000t}{section.18}% 119
\BOOKMARK [1][-]{section.19}{\376\377\000F\000o\000r\000m\000a\000l\000i\000z\000a\000t\000i\000o\000n\000\040\000o\000f\000\040\000\247\0001\0006\0004\000.\0005\0001\0000\000\040\040\024\000\040\000O\000p\000p\000o\000r\000t\000u\000n\000i\000t\000y\000\040\000t\000o\000\040\000A\000g\000r\000e\000e\000\040\000o\000r\000\040\000O\000b\000j\000e\000c\000t}{}% 120
\BOOKMARK [2][-]{subsection.19.1}{\376\377\000O\000v\000e\000r\000v\000i\000e\000w}{section.19}% 121
\BOOKMARK [2][-]{subsection.19.2}{\376\377\000F\000a\000c\000i\000l\000i\000t\000y\000\040\000D\000i\000r\000e\000c\000t\000o\000r\000i\000e\000s\000\040\000\050\000\247\0005\0001\0000\000\050\000a\000\051\000\051}{section.19}% 122
\BOOKMARK [2][-]{subsection.19.3}{\376\377\000I\000n\000c\000a\000p\000a\000c\000i\000t\000y\000\040\000a\000n\000d\000\040\000E\000m\000e\000r\000g\000e\000n\000c\000y\000\040\000E\000x\000c\000e\000p\000t\000i\000o\000n\000s\000\040\000\050\000\247\0005\0001\0000\000\050\000a\000\051\000\050\0003\000\051\000\051}{section.19}% 123
\BOOKMARK [2][-]{subsection.19.4}{\376\377\000C\000a\000r\000e\000\040\000I\000n\000v\000o\000l\000v\000e\000m\000e\000n\000t\000\040\000\050\000\247\0005\0001\0000\000\050\000b\000\051\000\051}{section.19}% 124
\BOOKMARK [2][-]{subsection.19.5}{\376\377\000D\000i\000s\000a\000s\000t\000e\000r\000\040\000R\000e\000l\000i\000e\000f\000\040\000\050\000\247\0005\0001\0000\000\050\000b\000\051\000\050\0004\000\051\000\051}{section.19}% 125
\BOOKMARK [1][-]{section.20}{\376\377\000F\000o\000r\000m\000a\000l\000i\000z\000a\000t\000i\000o\000n\000\040\000o\000f\000\040\000\247\0001\0006\0004\000.\0005\0001\0002\000\040\040\024\000\040\000U\000s\000e\000s\000\040\000a\000n\000d\000\040\000D\000i\000s\000c\000l\000o\000s\000u\000r\000e\000s\000\040\000W\000i\000t\000h\000o\000u\000t\000\040\000A\000u\000t\000h\000o\000r\000i\000z\000a\000t\000i\000o\000n\000\040\000o\000r\000\040\000A\000g\000r\000e\000e\000m\000e\000n\000t}{}% 126
\BOOKMARK [2][-]{subsection.20.1}{\376\377\000O\000v\000e\000r\000v\000i\000e\000w}{section.20}% 127
\BOOKMARK [2][-]{subsection.20.2}{\376\377\000S\000u\000b\000-\000s\000e\000c\000t\000i\000o\000n\000\040\000\050\000a\000\051\000:\000\040\000R\000e\000q\000u\000i\000r\000e\000d\000\040\000b\000y\000\040\000L\000a\000w}{section.20}% 128
\BOOKMARK [2][-]{subsection.20.3}{\376\377\000S\000u\000b\000-\000s\000e\000c\000t\000i\000o\000n\000\040\000\050\000b\000\051\000:\000\040\000P\000u\000b\000l\000i\000c\000\040\000H\000e\000a\000l\000t\000h\000\040\000A\000c\000t\000i\000v\000i\000t\000i\000e\000s}{section.20}% 129
\BOOKMARK [2][-]{subsection.20.4}{\376\377\000S\000u\000b\000-\000s\000e\000c\000t\000i\000o\000n\000\040\000\050\000c\000\051\000:\000\040\000A\000b\000u\000s\000e\000,\000\040\000N\000e\000g\000l\000e\000c\000t\000,\000\040\000o\000r\000\040\000D\000o\000m\000e\000s\000t\000i\000c\000\040\000V\000i\000o\000l\000e\000n\000c\000e}{section.20}% 130
\BOOKMARK [2][-]{subsection.20.5}{\376\377\000S\000u\000b\000-\000s\000e\000c\000t\000i\000o\000n\000\040\000\050\000d\000\051\000:\000\040\000H\000e\000a\000l\000t\000h\000\040\000O\000v\000e\000r\000s\000i\000g\000h\000t\000\040\000A\000c\000t\000i\000v\000i\000t\000i\000e\000s}{section.20}% 131
\BOOKMARK [2][-]{subsection.20.6}{\376\377\000S\000u\000b\000-\000s\000e\000c\000t\000i\000o\000n\000\040\000\050\000e\000\051\000:\000\040\000J\000u\000d\000i\000c\000i\000a\000l\000\040\000a\000n\000d\000\040\000A\000d\000m\000i\000n\000i\000s\000t\000r\000a\000t\000i\000v\000e\000\040\000P\000r\000o\000c\000e\000e\000d\000i\000n\000g\000s}{section.20}% 132
\BOOKMARK [2][-]{subsection.20.7}{\376\377\000S\000u\000b\000-\000s\000e\000c\000t\000i\000o\000n\000\040\000\050\000f\000\051\000:\000\040\000L\000a\000w\000\040\000E\000n\000f\000o\000r\000c\000e\000m\000e\000n\000t}{section.20}% 133
\BOOKMARK [2][-]{subsection.20.8}{\376\377\000S\000u\000b\000-\000s\000e\000c\000t\000i\000o\000n\000\040\000\050\000g\000\051\000:\000\040\000D\000e\000c\000e\000d\000e\000n\000t\000s}{section.20}% 134
\BOOKMARK [2][-]{subsection.20.9}{\376\377\000S\000u\000b\000-\000s\000e\000c\000t\000i\000o\000n\000\040\000\050\000h\000\051\000:\000\040\000O\000r\000g\000a\000n\000,\000\040\000E\000y\000e\000,\000\040\000o\000r\000\040\000T\000i\000s\000s\000u\000e\000\040\000D\000o\000n\000a\000t\000i\000o\000n}{section.20}% 135
\BOOKMARK [2][-]{subsection.20.10}{\376\377\000S\000u\000b\000-\000s\000e\000c\000t\000i\000o\000n\000\040\000\050\000i\000\051\000:\000\040\000R\000e\000s\000e\000a\000r\000c\000h}{section.20}% 136
\BOOKMARK [2][-]{subsection.20.11}{\376\377\000S\000u\000b\000-\000s\000e\000c\000t\000i\000o\000n\000\040\000\050\000j\000\051\000:\000\040\000S\000e\000r\000i\000o\000u\000s\000\040\000T\000h\000r\000e\000a\000t\000\040\000t\000o\000\040\000H\000e\000a\000l\000t\000h\000\040\000o\000r\000\040\000S\000a\000f\000e\000t\000y}{section.20}% 137
\BOOKMARK [2][-]{subsection.20.12}{\376\377\000S\000u\000b\000-\000s\000e\000c\000t\000i\000o\000n\000\040\000\050\000k\000\051\000:\000\040\000S\000p\000e\000c\000i\000a\000l\000i\000z\000e\000d\000\040\000G\000o\000v\000e\000r\000n\000m\000e\000n\000t\000\040\000F\000u\000n\000c\000t\000i\000o\000n\000s}{section.20}% 138
\BOOKMARK [2][-]{subsection.20.13}{\376\377\000S\000u\000b\000-\000s\000e\000c\000t\000i\000o\000n\000\040\000\050\000l\000\051\000:\000\040\000W\000o\000r\000k\000e\000r\000s\000'\000\040\000C\000o\000m\000p\000e\000n\000s\000a\000t\000i\000o\000n}{section.20}% 139
\BOOKMARK [2][-]{subsection.20.14}{\376\377\000T\000h\000e\000\040\000O\000r\000a\000c\000l\000e\000\040\000P\000r\000e\000d\000i\000c\000a\000t\000e\000\040\000P\000a\000t\000t\000e\000r\000n\000\040\000i\000n\000\040\000\247\0005\0001\0002}{section.20}% 140
\BOOKMARK [1][-]{section.21}{\376\377\000F\000o\000r\000m\000a\000l\000i\000z\000a\000t\000i\000o\000n\000\040\000o\000f\000\040\000\247\0001\0006\0004\000.\0005\0001\0004\000\040\040\024\000\040\000O\000t\000h\000e\000r\000\040\000R\000e\000q\000u\000i\000r\000e\000m\000e\000n\000t\000s}{}% 141
\BOOKMARK [2][-]{subsection.21.1}{\376\377\000O\000v\000e\000r\000v\000i\000e\000w}{section.21}% 142
\BOOKMARK [2][-]{subsection.21.2}{\376\377\000D\000e\000-\000i\000d\000e\000n\000t\000i\000f\000i\000c\000a\000t\000i\000o\000n\000\040\000S\000t\000a\000n\000d\000a\000r\000d\000s\000\040\000\050\000\247\0005\0001\0004\000\050\000a\000\051\040\023\000\050\000c\000\051\000\051}{section.21}% 143
\BOOKMARK [2][-]{subsection.21.3}{\376\377\000M\000i\000n\000i\000m\000u\000m\000\040\000N\000e\000c\000e\000s\000s\000a\000r\000y\000\040\000I\000m\000p\000l\000e\000m\000e\000n\000t\000a\000t\000i\000o\000n\000\040\000\050\000\247\0005\0001\0004\000\050\000d\000\051\000\051}{section.21}% 144
\BOOKMARK [2][-]{subsection.21.4}{\376\377\000L\000i\000m\000i\000t\000e\000d\000\040\000D\000a\000t\000a\000\040\000S\000e\000t\000s\000\040\000\050\000\247\0005\0001\0004\000\050\000e\000\051\000\051}{section.21}% 145
\BOOKMARK [2][-]{subsection.21.5}{\376\377\000F\000u\000n\000d\000r\000a\000i\000s\000i\000n\000g\000\040\000\050\000\247\0005\0001\0004\000\050\000f\000\051\000\051}{section.21}% 146
\BOOKMARK [2][-]{subsection.21.6}{\376\377\000H\000e\000a\000l\000t\000h\000\040\000P\000l\000a\000n\000\040\000U\000n\000d\000e\000r\000w\000r\000i\000t\000i\000n\000g\000\040\000\050\000\247\0005\0001\0004\000\050\000g\000\051\000\051}{section.21}% 147
\BOOKMARK [1][-]{section.22}{\376\377\000F\000o\000r\000m\000a\000l\000i\000z\000a\000t\000i\000o\000n\000\040\000o\000f\000\040\000\247\0001\0006\0004\000.\0005\0002\0004\000\040\040\024\000\040\000I\000n\000d\000i\000v\000i\000d\000u\000a\000l\000\040\000A\000c\000c\000e\000s\000s}{}% 148
\BOOKMARK [2][-]{subsection.22.1}{\376\377\000O\000v\000e\000r\000v\000i\000e\000w}{section.22}% 149
\BOOKMARK [2][-]{subsection.22.2}{\376\377\000T\000h\000e\000\040\000R\000i\000g\000h\000t\000\040\000o\000f\000\040\000A\000c\000c\000e\000s\000s}{section.22}% 150
\BOOKMARK [2][-]{subsection.22.3}{\376\377\000D\000e\000n\000i\000a\000l\000\040\000G\000r\000o\000u\000n\000d\000s\000\040\000W\000i\000t\000h\000o\000u\000t\000\040\000R\000e\000v\000i\000e\000w\000\040\000\050\000\247\0005\0002\0004\000\050\000a\000\051\000\050\0002\000\051\000\051}{section.22}% 151
\BOOKMARK [2][-]{subsection.22.4}{\376\377\000D\000e\000n\000i\000a\000l\000\040\000G\000r\000o\000u\000n\000d\000s\000\040\000W\000i\000t\000h\000\040\000R\000e\000v\000i\000e\000w\000\040\000\050\000\247\0005\0002\0004\000\050\000a\000\051\000\050\0003\000\051\000\051}{section.22}% 152
\BOOKMARK [2][-]{subsection.22.5}{\376\377\000H\000o\000w\000\040\000\247\0005\0002\0004\000\040\000C\000o\000n\000n\000e\000c\000t\000s\000\040\000t\000o\000\040\000\247\0005\0000\0002}{section.22}% 153
\BOOKMARK [1][-]{section.23}{\376\377\000T\000e\000s\000t\000i\000n\000g\000\040\000M\000e\000t\000h\000o\000d\000o\000l\000o\000g\000y}{}% 154
\BOOKMARK [2][-]{subsection.23.1}{\376\377\000T\000e\000s\000t\000\040\000C\000a\000s\000e\000\040\000S\000t\000r\000u\000c\000t\000u\000r\000e}{section.23}% 155
\BOOKMARK [2][-]{subsection.23.2}{\376\377\000T\000h\000e\000\040\000R\000u\000n\000\040\000S\000c\000r\000i\000p\000t\000\040\000P\000a\000t\000t\000e\000r\000n}{section.23}% 156
\BOOKMARK [2][-]{subsection.23.3}{\376\377\000T\000e\000s\000t\000\040\000C\000o\000v\000e\000r\000a\000g\000e}{section.23}% 157
\BOOKMARK [1][-]{section.24}{\376\377\000O\000r\000a\000c\000l\000e\000\040\000P\000r\000e\000d\000i\000c\000a\000t\000e\000s\000\040\040\024\000\040\000A\000\040\000C\000o\000m\000p\000l\000e\000t\000e\000\040\000R\000e\000f\000e\000r\000e\000n\000c\000e}{}% 158
\BOOKMARK [2][-]{subsection.24.1}{\376\377\000W\000h\000a\000t\000\040\000a\000r\000e\000\040\000O\000r\000a\000c\000l\000e\000\040\000P\000r\000e\000d\000i\000c\000a\000t\000e\000s\000?}{section.24}% 159
\BOOKMARK [2][-]{subsection.24.2}{\376\377\000H\000o\000w\000\040\000O\000r\000a\000c\000l\000e\000\040\000P\000r\000e\000d\000i\000c\000a\000t\000e\000s\000\040\000a\000r\000e\000\040\000U\000s\000e\000d}{section.24}% 160
\BOOKMARK [2][-]{subsection.24.3}{\376\377\000O\000r\000a\000c\000l\000e\000\040\000P\000r\000e\000d\000i\000c\000a\000t\000e\000s\000\040\000b\000y\000\040\000S\000e\000c\000t\000i\000o\000n}{section.24}% 161
\BOOKMARK [1][-]{section.25}{\376\377\000C\000o\000n\000c\000l\000u\000s\000i\000o\000n}{}% 162
\BOOKMARK [1][-]{appendix.1.A}{\376\377\000C\000o\000m\000p\000l\000e\000t\000e\000\040\000F\000i\000l\000e\000:\000\040\000h\000i\000p\000a\000a\000\137\000t\000y\000p\000e\000s\000.\000d\000l}{}% 163
\BOOKMARK [1][-]{appendix.1.B}{\376\377\000C\000o\000m\000p\000l\000e\000t\000e\000\040\000F\000i\000l\000e\000:\000\040\000h\000i\000p\000a\000a\000\137\000t\000o\000p\000.\000d\000l}{}% 164
