This is pdfTeX, Version 3.141592653-2.6-1.40.29 (TeX Live 2026) (preloaded format=pdflatex 2026.3.22)  14 APR 2026 13:30
entering extended mode
 restricted \write18 enabled.
 %&-line parsing enabled.
**hipaa_formalization_guide.tex
(./hipaa_formalization_guide.tex
LaTeX2e <2025-11-01>
L3 programming layer <2026-01-19>
(/usr/local/texlive/2026/texmf-dist/tex/latex/base/article.cls
Document Class: article 2025/01/22 v1.4n Standard LaTeX document class
(/usr/local/texlive/2026/texmf-dist/tex/latex/base/size11.clo
File: size11.clo 2025/01/22 v1.4n Standard LaTeX file (size option)
)
\c@part=\count275
\c@section=\count276
\c@subsection=\count277
\c@subsubsection=\count278
\c@paragraph=\count279
\c@subparagraph=\count280
\c@figure=\count281
\c@table=\count282
\abovecaptionskip=\skip49
\belowcaptionskip=\skip50
\bibindent=\dimen148
)
(/usr/local/texlive/2026/texmf-dist/tex/latex/base/inputenc.sty
Package: inputenc 2024/02/08 v1.3d Input encoding file
\inpenc@prehook=\toks17
\inpenc@posthook=\toks18
)
(/usr/local/texlive/2026/texmf-dist/tex/latex/base/fontenc.sty
Package: fontenc 2025/07/18 v2.1d Standard LaTeX package
)
(/usr/local/texlive/2026/texmf-dist/tex/latex/lm/lmodern.sty
Package: lmodern 2015/05/01 v1.6.1 Latin Modern Fonts
LaTeX Font Info:    Overwriting symbol font `operators' in version `normal'
(Font)                  OT1/cmr/m/n --> OT1/lmr/m/n on input line 22.
LaTeX Font Info:    Overwriting symbol font `letters' in version `normal'
(Font)                  OML/cmm/m/it --> OML/lmm/m/it on input line 23.
LaTeX Font Info:    Overwriting symbol font `symbols' in version `normal'
(Font)                  OMS/cmsy/m/n --> OMS/lmsy/m/n on input line 24.
LaTeX Font Info:    Overwriting symbol font `largesymbols' in version `normal'
(Font)                  OMX/cmex/m/n --> OMX/lmex/m/n on input line 25.
LaTeX Font Info:    Overwriting symbol font `operators' in version `bold'
(Font)                  OT1/cmr/bx/n --> OT1/lmr/bx/n on input line 26.
LaTeX Font Info:    Overwriting symbol font `letters' in version `bold'
(Font)                  OML/cmm/b/it --> OML/lmm/b/it on input line 27.
LaTeX Font Info:    Overwriting symbol font `symbols' in version `bold'
(Font)                  OMS/cmsy/b/n --> OMS/lmsy/b/n on input line 28.
LaTeX Font Info:    Overwriting symbol font `largesymbols' in version `bold'
(Font)                  OMX/cmex/m/n --> OMX/lmex/m/n on input line 29.
LaTeX Font Info:    Overwriting math alphabet `\mathbf' in version `normal'
(Font)                  OT1/cmr/bx/n --> OT1/lmr/bx/n on input line 31.
LaTeX Font Info:    Overwriting math alphabet `\mathsf' in version `normal'
(Font)                  OT1/cmss/m/n --> OT1/lmss/m/n on input line 32.
LaTeX Font Info:    Overwriting math alphabet `\mathit' in version `normal'
(Font)                  OT1/cmr/m/it --> OT1/lmr/m/it on input line 33.
LaTeX Font Info:    Overwriting math alphabet `\mathtt' in version `normal'
(Font)                  OT1/cmtt/m/n --> OT1/lmtt/m/n on input line 34.
LaTeX Font Info:    Overwriting math alphabet `\mathbf' in version `bold'
(Font)                  OT1/cmr/bx/n --> OT1/lmr/bx/n on input line 35.
LaTeX Font Info:    Overwriting math alphabet `\mathsf' in version `bold'
(Font)                  OT1/cmss/bx/n --> OT1/lmss/bx/n on input line 36.
LaTeX Font Info:    Overwriting math alphabet `\mathit' in version `bold'
(Font)                  OT1/cmr/bx/it --> OT1/lmr/bx/it on input line 37.
LaTeX Font Info:    Overwriting math alphabet `\mathtt' in version `bold'
(Font)                  OT1/cmtt/m/n --> OT1/lmtt/m/n on input line 38.
)
(/usr/local/texlive/2026/texmf-dist/tex/latex/geometry/geometry.sty
Package: geometry 2026/03/07 v6.0 Page Geometry

(/usr/local/texlive/2026/texmf-dist/tex/latex/graphics/keyval.sty
Package: keyval 2022/05/29 v1.15 key=value parser (DPC)
\KV@toks@=\toks19
)
(/usr/local/texlive/2026/texmf-dist/tex/generic/iftex/ifvtex.sty
Package: ifvtex 2019/10/25 v1.7 ifvtex legacy package. Use iftex instead.

(/usr/local/texlive/2026/texmf-dist/tex/generic/iftex/iftex.sty
Package: iftex 2024/12/12 v1.0g TeX engine tests
))
\Gm@cnth=\count283
\Gm@cntv=\count284
\c@Gm@tempcnt=\count285
\Gm@bindingoffset=\dimen149
\Gm@wd@mp=\dimen150
\Gm@odd@mp=\dimen151
\Gm@even@mp=\dimen152
\Gm@layoutwidth=\dimen153
\Gm@layoutheight=\dimen154
\Gm@layouthoffset=\dimen155
\Gm@layoutvoffset=\dimen156
\Gm@dimlist=\toks20
)
(/usr/local/texlive/2026/texmf-dist/tex/latex/hyperref/hyperref.sty
Package: hyperref 2026-01-29 v7.01p Hypertext links for LaTeX

(/usr/local/texlive/2026/texmf-dist/tex/latex/kvsetkeys/kvsetkeys.sty
Package: kvsetkeys 2022-10-05 v1.19 Key value parser (HO)
)
(/usr/local/texlive/2026/texmf-dist/tex/generic/kvdefinekeys/kvdefinekeys.sty
Package: kvdefinekeys 2019-12-19 v1.6 Define keys (HO)
)
(/usr/local/texlive/2026/texmf-dist/tex/generic/pdfescape/pdfescape.sty
Package: pdfescape 2019/12/09 v1.15 Implements pdfTeX's escape features (HO)

(/usr/local/texlive/2026/texmf-dist/tex/generic/ltxcmds/ltxcmds.sty
Package: ltxcmds 2023-12-04 v1.26 LaTeX kernel commands for general use (HO)
)
(/usr/local/texlive/2026/texmf-dist/tex/generic/pdftexcmds/pdftexcmds.sty
Package: pdftexcmds 2020-06-27 v0.33 Utility functions of pdfTeX for LuaTeX (HO
)

(/usr/local/texlive/2026/texmf-dist/tex/generic/infwarerr/infwarerr.sty
Package: infwarerr 2019/12/03 v1.5 Providing info/warning/error messages (HO)
)
Package pdftexcmds Info: \pdf@primitive is available.
Package pdftexcmds Info: \pdf@ifprimitive is available.
Package pdftexcmds Info: \pdfdraftmode found.
))
(/usr/local/texlive/2026/texmf-dist/tex/latex/hycolor/hycolor.sty
Package: hycolor 2020-01-27 v1.10 Color options for hyperref/bookmark (HO)
)
(/usr/local/texlive/2026/texmf-dist/tex/latex/hyperref/nameref.sty
Package: nameref 2026-01-29 v2.58 Cross-referencing by name of section

(/usr/local/texlive/2026/texmf-dist/tex/latex/refcount/refcount.sty
Package: refcount 2019/12/15 v3.6 Data extraction from label references (HO)
)
(/usr/local/texlive/2026/texmf-dist/tex/generic/gettitlestring/gettitlestring.s
ty
Package: gettitlestring 2019/12/15 v1.6 Cleanup title references (HO)
 (/usr/local/texlive/2026/texmf-dist/tex/latex/kvoptions/kvoptions.sty
Package: kvoptions 2022-06-15 v3.15 Key value format for package options (HO)
))
\c@section@level=\count286
)
(/usr/local/texlive/2026/texmf-dist/tex/latex/etoolbox/etoolbox.sty
Package: etoolbox 2025/10/02 v2.5m e-TeX tools for LaTeX (JAW)
\etb@tempcnta=\count287
)
(/usr/local/texlive/2026/texmf-dist/tex/generic/stringenc/stringenc.sty
Package: stringenc 2019/11/29 v1.12 Convert strings between diff. encodings (HO
)
)
\@linkdim=\dimen157
\Hy@linkcounter=\count288
\Hy@pagecounter=\count289

(/usr/local/texlive/2026/texmf-dist/tex/latex/hyperref/pd1enc.def
File: pd1enc.def 2026-01-29 v7.01p Hyperref: PDFDocEncoding definition (HO)
Now handling font encoding PD1 ...
... no UTF-8 mapping file for font encoding PD1
)
(/usr/local/texlive/2026/texmf-dist/tex/generic/intcalc/intcalc.sty
Package: intcalc 2019/12/15 v1.3 Expandable calculations with integers (HO)
)
\Hy@SavedSpaceFactor=\count290

(/usr/local/texlive/2026/texmf-dist/tex/latex/hyperref/puenc.def
File: puenc.def 2026-01-29 v7.01p Hyperref: PDF Unicode definition (HO)
Now handling font encoding PU ...
... no UTF-8 mapping file for font encoding PU
)
Package hyperref Info: Hyper figures OFF on input line 4201.
Package hyperref Info: Link nesting OFF on input line 4206.
Package hyperref Info: Hyper index ON on input line 4209.
Package hyperref Info: Plain pages OFF on input line 4216.
Package hyperref Info: Backreferencing OFF on input line 4221.
Package hyperref Info: Implicit mode ON; LaTeX internals redefined.
Package hyperref Info: Bookmarks ON on input line 4468.
\c@Hy@tempcnt=\count291

(/usr/local/texlive/2026/texmf-dist/tex/latex/url/url.sty
\Urlmuskip=\muskip17
Package: url 2013/09/16  ver 3.4  Verb mode for urls, etc.
)
LaTeX Info: Redefining \url on input line 4807.
\XeTeXLinkMargin=\dimen158

(/usr/local/texlive/2026/texmf-dist/tex/generic/bitset/bitset.sty
Package: bitset 2019/12/09 v1.3 Handle bit-vector datatype (HO)

(/usr/local/texlive/2026/texmf-dist/tex/generic/bigintcalc/bigintcalc.sty
Package: bigintcalc 2019/12/15 v1.5 Expandable calculations on big integers (HO
)
))
\Fld@menulength=\count292
\Field@Width=\dimen159
\Fld@charsize=\dimen160
Package hyperref Info: Hyper figures OFF on input line 6084.
Package hyperref Info: Link nesting OFF on input line 6089.
Package hyperref Info: Hyper index ON on input line 6092.
Package hyperref Info: backreferencing OFF on input line 6099.
Package hyperref Info: Link coloring OFF on input line 6104.
Package hyperref Info: Link coloring with OCG OFF on input line 6109.
Package hyperref Info: PDF/A mode OFF on input line 6114.
\Hy@abspage=\count293
\c@Item=\count294
\c@Hfootnote=\count295
)
Package hyperref Info: Driver (autodetected): hpdftex.

(/usr/local/texlive/2026/texmf-dist/tex/latex/hyperref/hpdftex.def
File: hpdftex.def 2026-01-29 v7.01p Hyperref driver for pdfTeX
\Fld@listcount=\count296
\c@bookmark@seq@number=\count297

(/usr/local/texlive/2026/texmf-dist/tex/latex/rerunfilecheck/rerunfilecheck.sty
Package: rerunfilecheck 2025-06-21 v1.11 Rerun checks for auxiliary files (HO)

(/usr/local/texlive/2026/texmf-dist/tex/generic/uniquecounter/uniquecounter.sty
Package: uniquecounter 2019/12/15 v1.4 Provide unlimited unique counter (HO)
)
Package uniquecounter Info: New unique counter `rerunfilecheck' on input line 2
84.
)
\Hy@SectionHShift=\skip51
) (/usr/local/texlive/2026/texmf-dist/tex/latex/xcolor/xcolor.sty
Package: xcolor 2024/09/29 v3.02 LaTeX color extensions (UK)

(/usr/local/texlive/2026/texmf-dist/tex/latex/graphics-cfg/color.cfg
File: color.cfg 2016/01/02 v1.6 sample color configuration
)
Package xcolor Info: Driver file: pdftex.def on input line 274.

(/usr/local/texlive/2026/texmf-dist/tex/latex/graphics-def/pdftex.def
File: pdftex.def 2025/09/29 v1.2d Graphics/color driver for pdftex
)
(/usr/local/texlive/2026/texmf-dist/tex/latex/graphics/mathcolor.ltx)
Package xcolor Info: Model `cmy' substituted by `cmy0' on input line 1349.
Package xcolor Info: Model `hsb' substituted by `rgb' on input line 1353.
Package xcolor Info: Model `RGB' extended on input line 1365.
Package xcolor Info: Model `HTML' substituted by `rgb' on input line 1367.
Package xcolor Info: Model `Hsb' substituted by `hsb' on input line 1368.
Package xcolor Info: Model `tHsb' substituted by `hsb' on input line 1369.
Package xcolor Info: Model `HSB' substituted by `hsb' on input line 1370.
Package xcolor Info: Model `Gray' substituted by `gray' on input line 1371.
Package xcolor Info: Model `wave' substituted by `hsb' on input line 1372.
)
(/usr/local/texlive/2026/texmf-dist/tex/latex/listings/listings.sty
\lst@mode=\count298
\lst@gtempboxa=\box53
\lst@token=\toks21
\lst@length=\count299
\lst@currlwidth=\dimen161
\lst@column=\count300
\lst@pos=\count301
\lst@lostspace=\dimen162
\lst@width=\dimen163
\lst@newlines=\count302
\lst@lineno=\count303
\lst@maxwidth=\dimen164

(/usr/local/texlive/2026/texmf-dist/tex/latex/listings/lstpatch.sty
File: lstpatch.sty 2025/11/14 1.11b (Carsten Heinz)
)
(/usr/local/texlive/2026/texmf-dist/tex/latex/listings/lstmisc.sty
File: lstmisc.sty 2025/11/14 1.11b (Carsten Heinz)
\c@lstnumber=\count304
\lst@skipnumbers=\count305
\lst@framebox=\box54
)
(/usr/local/texlive/2026/texmf-dist/tex/latex/listings/listings.cfg
File: listings.cfg 2025/11/14 1.11b listings configuration
))
Package: listings 2025/11/14 1.11b (Carsten Heinz)

==> First Aid for listings.sty no longer applied!
    Expected:
        2024/09/23 1.10c (Carsten Heinz)
    but found:
        2025/11/14 1.11b (Carsten Heinz)
    so I'm assuming it got fixed.
(/usr/local/texlive/2026/texmf-dist/tex/latex/amsmath/amsmath.sty
Package: amsmath 2025/07/09 v2.17z AMS math features
\@mathmargin=\skip52

For additional information on amsmath, use the `?' option.
(/usr/local/texlive/2026/texmf-dist/tex/latex/amsmath/amstext.sty
Package: amstext 2024/11/17 v2.01 AMS text

(/usr/local/texlive/2026/texmf-dist/tex/latex/amsmath/amsgen.sty
File: amsgen.sty 1999/11/30 v2.0 generic functions
\@emptytoks=\toks22
\ex@=\dimen165
))
(/usr/local/texlive/2026/texmf-dist/tex/latex/amsmath/amsbsy.sty
Package: amsbsy 1999/11/29 v1.2d Bold Symbols
\pmbraise@=\dimen166
)
(/usr/local/texlive/2026/texmf-dist/tex/latex/amsmath/amsopn.sty
Package: amsopn 2022/04/08 v2.04 operator names
)
\inf@bad=\count306
LaTeX Info: Redefining \frac on input line 233.
\uproot@=\count307
\leftroot@=\count308
LaTeX Info: Redefining \overline on input line 398.
LaTeX Info: Redefining \colon on input line 409.
\classnum@=\count309
\DOTSCASE@=\count310
LaTeX Info: Redefining \ldots on input line 495.
LaTeX Info: Redefining \dots on input line 498.
LaTeX Info: Redefining \cdots on input line 619.
\Mathstrutbox@=\box55
\strutbox@=\box56
LaTeX Info: Redefining \big on input line 721.
LaTeX Info: Redefining \Big on input line 722.
LaTeX Info: Redefining \bigg on input line 723.
LaTeX Info: Redefining \Bigg on input line 724.
\big@size=\dimen167
LaTeX Font Info:    Redeclaring font encoding OML on input line 742.
LaTeX Font Info:    Redeclaring font encoding OMS on input line 743.
\macc@depth=\count311
LaTeX Info: Redefining \bmod on input line 904.
LaTeX Info: Redefining \pmod on input line 909.
LaTeX Info: Redefining \smash on input line 939.
LaTeX Info: Redefining \relbar on input line 969.
LaTeX Info: Redefining \Relbar on input line 970.
\c@MaxMatrixCols=\count312
\dotsspace@=\muskip18
\c@parentequation=\count313
\dspbrk@lvl=\count314
\tag@help=\toks23
\row@=\count315
\column@=\count316
\maxfields@=\count317
\andhelp@=\toks24
\eqnshift@=\dimen168
\alignsep@=\dimen169
\tagshift@=\dimen170
\tagwidth@=\dimen171
\totwidth@=\dimen172
\lineht@=\dimen173
\@envbody=\toks25
\multlinegap=\skip53
\multlinetaggap=\skip54
\mathdisplay@stack=\toks26
LaTeX Info: Redefining \[ on input line 2950.
LaTeX Info: Redefining \] on input line 2951.
)
(/usr/local/texlive/2026/texmf-dist/tex/latex/amsfonts/amssymb.sty
Package: amssymb 2013/01/14 v3.01 AMS font symbols

(/usr/local/texlive/2026/texmf-dist/tex/latex/amsfonts/amsfonts.sty
Package: amsfonts 2013/01/14 v3.01 Basic AMSFonts support
\symAMSa=\mathgroup4
\symAMSb=\mathgroup5
LaTeX Font Info:    Redeclaring math symbol \hbar on input line 98.
LaTeX Font Info:    Overwriting math alphabet `\mathfrak' in version `bold'
(Font)                  U/euf/m/n --> U/euf/b/n on input line 106.
))
(/usr/local/texlive/2026/texmf-dist/tex/latex/enumitem/enumitem.sty
Package: enumitem 2025/02/06 v3.11 Customized lists
\labelindent=\skip55
\enit@outerparindent=\dimen174
\enit@toks=\toks27
\enit@inbox=\box57
\enit@count@id=\count318
\enitdp@description=\count319
)
(/usr/local/texlive/2026/texmf-dist/tex/latex/booktabs/booktabs.sty
Package: booktabs 2020/01/12 v1.61803398 Publication quality tables
\heavyrulewidth=\dimen175
\lightrulewidth=\dimen176
\cmidrulewidth=\dimen177
\belowrulesep=\dimen178
\belowbottomsep=\dimen179
\aboverulesep=\dimen180
\abovetopsep=\dimen181
\cmidrulesep=\dimen182
\cmidrulekern=\dimen183
\defaultaddspace=\dimen184
\@cmidla=\count320
\@cmidlb=\count321
\@aboverulesep=\dimen185
\@belowrulesep=\dimen186
\@thisruleclass=\count322
\@lastruleclass=\count323
\@thisrulewidth=\dimen187
)
(/usr/local/texlive/2026/texmf-dist/tex/latex/tools/longtable.sty
Package: longtable 2025-10-13 v4.24 Multi-page Table package (DPC)
\LTleft=\skip56
\LTright=\skip57
\LTpre=\skip58
\LTpost=\skip59
\LTchunksize=\count324
\LTcapwidth=\dimen188
\LT@head=\box58
\LT@firsthead=\box59
\LT@foot=\box60
\LT@lastfoot=\box61
\LT@gbox=\box62
\LT@cols=\count325
\LT@rows=\count326
\c@LT@tables=\count327
\c@LT@chunks=\count328
\LT@p@ftn=\toks28
)
(/usr/local/texlive/2026/texmf-dist/tex/latex/tools/tabularx.sty
Package: tabularx 2023/12/11 v2.12a `tabularx' package (DPC)

(/usr/local/texlive/2026/texmf-dist/tex/latex/tools/array.sty
Package: array 2025/09/25 v2.6n Tabular extension package (FMi)
\col@sep=\dimen189
\ar@mcellbox=\box63
\extrarowheight=\dimen190
\NC@list=\toks29
\extratabsurround=\skip60
\backup@length=\skip61
\ar@cellbox=\box64
)
\TX@col@width=\dimen191
\TX@old@table=\dimen192
\TX@old@col=\dimen193
\TX@target=\dimen194
\TX@delta=\dimen195
\TX@cols=\count329
\TX@ftn=\toks30
)
(/usr/local/texlive/2026/texmf-dist/tex/latex/pgf/frontendlayer/tikz.sty
(/usr/local/texlive/2026/texmf-dist/tex/latex/pgf/basiclayer/pgf.sty
(/usr/local/texlive/2026/texmf-dist/tex/latex/pgf/utilities/pgfrcs.sty
(/usr/local/texlive/2026/texmf-dist/tex/generic/pgf/utilities/pgfutil-common.te
x
\pgfutil@everybye=\toks31
\pgfutil@tempdima=\dimen196
\pgfutil@tempdimb=\dimen197
)
(/usr/local/texlive/2026/texmf-dist/tex/generic/pgf/utilities/pgfutil-latex.def
\pgfutil@abb=\box65
) (/usr/local/texlive/2026/texmf-dist/tex/generic/pgf/utilities/pgfrcs.code.tex
(/usr/local/texlive/2026/texmf-dist/tex/generic/pgf/pgf.revision.tex)
Package: pgfrcs 2025-08-29 v3.1.11a (3.1.11a)
))
Package: pgf 2025-08-29 v3.1.11a (3.1.11a)

(/usr/local/texlive/2026/texmf-dist/tex/latex/pgf/basiclayer/pgfcore.sty
(/usr/local/texlive/2026/texmf-dist/tex/latex/graphics/graphicx.sty
Package: graphicx 2024/12/31 v1.2e Enhanced LaTeX Graphics (DPC,SPQR)

(/usr/local/texlive/2026/texmf-dist/tex/latex/graphics/graphics.sty
Package: graphics 2024/08/06 v1.4g Standard LaTeX Graphics (DPC,SPQR)

(/usr/local/texlive/2026/texmf-dist/tex/latex/graphics/trig.sty
Package: trig 2023/12/02 v1.11 sin cos tan (DPC)
)
(/usr/local/texlive/2026/texmf-dist/tex/latex/graphics-cfg/graphics.cfg
File: graphics.cfg 2016/06/04 v1.11 sample graphics configuration
)
Package graphics Info: Driver file: pdftex.def on input line 106.
)
\Gin@req@height=\dimen198
\Gin@req@width=\dimen199
)
(/usr/local/texlive/2026/texmf-dist/tex/latex/pgf/systemlayer/pgfsys.sty
(/usr/local/texlive/2026/texmf-dist/tex/generic/pgf/systemlayer/pgfsys.code.tex
Package: pgfsys 2025-08-29 v3.1.11a (3.1.11a)
(/usr/local/texlive/2026/texmf-dist/tex/generic/pgf/utilities/pgfkeys.code.tex
\pgfkeys@pathtoks=\toks32
\pgfkeys@temptoks=\toks33

(/usr/local/texlive/2026/texmf-dist/tex/generic/pgf/utilities/pgfkeyslibraryfil
tered.code.tex
\pgfkeys@tmptoks=\toks34
))
\pgf@x=\dimen256
\pgf@y=\dimen257
\pgf@xa=\dimen258
\pgf@ya=\dimen259
\pgf@xb=\dimen260
\pgf@yb=\dimen261
\pgf@xc=\dimen262
\pgf@yc=\dimen263
\pgf@xd=\dimen264
\pgf@yd=\dimen265
\w@pgf@writea=\write3
\r@pgf@reada=\read2
\c@pgf@counta=\count330
\c@pgf@countb=\count331
\c@pgf@countc=\count332
\c@pgf@countd=\count333
\t@pgf@toka=\toks35
\t@pgf@tokb=\toks36
\t@pgf@tokc=\toks37
\pgf@sys@id@count=\count334

(/usr/local/texlive/2026/texmf-dist/tex/generic/pgf/systemlayer/pgf.cfg
File: pgf.cfg 2025-08-29 v3.1.11a (3.1.11a)
)
Driver file for pgf: pgfsys-pdftex.def

(/usr/local/texlive/2026/texmf-dist/tex/generic/pgf/systemlayer/pgfsys-pdftex.d
ef
File: pgfsys-pdftex.def 2025-08-29 v3.1.11a (3.1.11a)

(/usr/local/texlive/2026/texmf-dist/tex/generic/pgf/systemlayer/pgfsys-common-p
df.def
File: pgfsys-common-pdf.def 2025-08-29 v3.1.11a (3.1.11a)
)))
(/usr/local/texlive/2026/texmf-dist/tex/generic/pgf/systemlayer/pgfsyssoftpath.
code.tex
File: pgfsyssoftpath.code.tex 2025-08-29 v3.1.11a (3.1.11a)
\pgfsyssoftpath@smallbuffer@items=\count335
\pgfsyssoftpath@bigbuffer@items=\count336
)
(/usr/local/texlive/2026/texmf-dist/tex/generic/pgf/systemlayer/pgfsysprotocol.
code.tex
File: pgfsysprotocol.code.tex 2025-08-29 v3.1.11a (3.1.11a)
))
(/usr/local/texlive/2026/texmf-dist/tex/generic/pgf/basiclayer/pgfcore.code.tex
Package: pgfcore 2025-08-29 v3.1.11a (3.1.11a)
(/usr/local/texlive/2026/texmf-dist/tex/generic/pgf/math/pgfmath.code.tex
(/usr/local/texlive/2026/texmf-dist/tex/generic/pgf/math/pgfmathutil.code.tex)
(/usr/local/texlive/2026/texmf-dist/tex/generic/pgf/math/pgfmathparser.code.tex
\pgfmath@dimen=\dimen266
\pgfmath@count=\count337
\pgfmath@box=\box66
\pgfmath@toks=\toks38
\pgfmath@stack@operand=\toks39
\pgfmath@stack@operation=\toks40
)
(/usr/local/texlive/2026/texmf-dist/tex/generic/pgf/math/pgfmathfunctions.code.
tex)
(/usr/local/texlive/2026/texmf-dist/tex/generic/pgf/math/pgfmathfunctions.basic
.code.tex)
(/usr/local/texlive/2026/texmf-dist/tex/generic/pgf/math/pgfmathfunctions.trigo
nometric.code.tex)
(/usr/local/texlive/2026/texmf-dist/tex/generic/pgf/math/pgfmathfunctions.rando
m.code.tex)
(/usr/local/texlive/2026/texmf-dist/tex/generic/pgf/math/pgfmathfunctions.compa
rison.code.tex)
(/usr/local/texlive/2026/texmf-dist/tex/generic/pgf/math/pgfmathfunctions.base.
code.tex)
(/usr/local/texlive/2026/texmf-dist/tex/generic/pgf/math/pgfmathfunctions.round
.code.tex)
(/usr/local/texlive/2026/texmf-dist/tex/generic/pgf/math/pgfmathfunctions.misc.
code.tex)
(/usr/local/texlive/2026/texmf-dist/tex/generic/pgf/math/pgfmathfunctions.integ
erarithmetics.code.tex)
(/usr/local/texlive/2026/texmf-dist/tex/generic/pgf/math/pgfmathcalc.code.tex)
(/usr/local/texlive/2026/texmf-dist/tex/generic/pgf/math/pgfmathfloat.code.tex
\c@pgfmathroundto@lastzeros=\count338
)) (/usr/local/texlive/2026/texmf-dist/tex/generic/pgf/math/pgfint.code.tex)
(/usr/local/texlive/2026/texmf-dist/tex/generic/pgf/basiclayer/pgfcorepoints.co
de.tex
File: pgfcorepoints.code.tex 2025-08-29 v3.1.11a (3.1.11a)
\pgf@picminx=\dimen267
\pgf@picmaxx=\dimen268
\pgf@picminy=\dimen269
\pgf@picmaxy=\dimen270
\pgf@pathminx=\dimen271
\pgf@pathmaxx=\dimen272
\pgf@pathminy=\dimen273
\pgf@pathmaxy=\dimen274
\pgf@xx=\dimen275
\pgf@xy=\dimen276
\pgf@yx=\dimen277
\pgf@yy=\dimen278
\pgf@zx=\dimen279
\pgf@zy=\dimen280
)
(/usr/local/texlive/2026/texmf-dist/tex/generic/pgf/basiclayer/pgfcorepathconst
ruct.code.tex
File: pgfcorepathconstruct.code.tex 2025-08-29 v3.1.11a (3.1.11a)
\pgf@path@lastx=\dimen281
\pgf@path@lasty=\dimen282
)
(/usr/local/texlive/2026/texmf-dist/tex/generic/pgf/basiclayer/pgfcorepathusage
.code.tex
File: pgfcorepathusage.code.tex 2025-08-29 v3.1.11a (3.1.11a)
\pgf@shorten@end@additional=\dimen283
\pgf@shorten@start@additional=\dimen284
)
(/usr/local/texlive/2026/texmf-dist/tex/generic/pgf/basiclayer/pgfcorescopes.co
de.tex
File: pgfcorescopes.code.tex 2025-08-29 v3.1.11a (3.1.11a)
\pgfpic=\box67
\pgf@hbox=\box68
\pgf@layerbox@main=\box69
\pgf@picture@serial@count=\count339
)
(/usr/local/texlive/2026/texmf-dist/tex/generic/pgf/basiclayer/pgfcoregraphicst
ate.code.tex
File: pgfcoregraphicstate.code.tex 2025-08-29 v3.1.11a (3.1.11a)
\pgflinewidth=\dimen285
)
(/usr/local/texlive/2026/texmf-dist/tex/generic/pgf/basiclayer/pgfcoretransform
ations.code.tex
File: pgfcoretransformations.code.tex 2025-08-29 v3.1.11a (3.1.11a)
\pgf@pt@x=\dimen286
\pgf@pt@y=\dimen287
\pgf@pt@temp=\dimen288
)
(/usr/local/texlive/2026/texmf-dist/tex/generic/pgf/basiclayer/pgfcorequick.cod
e.tex
File: pgfcorequick.code.tex 2025-08-29 v3.1.11a (3.1.11a)
)
(/usr/local/texlive/2026/texmf-dist/tex/generic/pgf/basiclayer/pgfcoreobjects.c
ode.tex
File: pgfcoreobjects.code.tex 2025-08-29 v3.1.11a (3.1.11a)
)
(/usr/local/texlive/2026/texmf-dist/tex/generic/pgf/basiclayer/pgfcorepathproce
ssing.code.tex
File: pgfcorepathprocessing.code.tex 2025-08-29 v3.1.11a (3.1.11a)
)
(/usr/local/texlive/2026/texmf-dist/tex/generic/pgf/basiclayer/pgfcorearrows.co
de.tex
File: pgfcorearrows.code.tex 2025-08-29 v3.1.11a (3.1.11a)
\pgfarrowsep=\dimen289
)
(/usr/local/texlive/2026/texmf-dist/tex/generic/pgf/basiclayer/pgfcoreshade.cod
e.tex
File: pgfcoreshade.code.tex 2025-08-29 v3.1.11a (3.1.11a)
\pgf@max=\dimen290
\pgf@sys@shading@range@num=\count340
\pgf@shadingcount=\count341
)
(/usr/local/texlive/2026/texmf-dist/tex/generic/pgf/basiclayer/pgfcoreimage.cod
e.tex
File: pgfcoreimage.code.tex 2025-08-29 v3.1.11a (3.1.11a)
)
(/usr/local/texlive/2026/texmf-dist/tex/generic/pgf/basiclayer/pgfcoreexternal.
code.tex
File: pgfcoreexternal.code.tex 2025-08-29 v3.1.11a (3.1.11a)
\pgfexternal@startupbox=\box70
)
(/usr/local/texlive/2026/texmf-dist/tex/generic/pgf/basiclayer/pgfcorelayers.co
de.tex
File: pgfcorelayers.code.tex 2025-08-29 v3.1.11a (3.1.11a)
)
(/usr/local/texlive/2026/texmf-dist/tex/generic/pgf/basiclayer/pgfcoretranspare
ncy.code.tex
File: pgfcoretransparency.code.tex 2025-08-29 v3.1.11a (3.1.11a)
)
(/usr/local/texlive/2026/texmf-dist/tex/generic/pgf/basiclayer/pgfcorepatterns.
code.tex
File: pgfcorepatterns.code.tex 2025-08-29 v3.1.11a (3.1.11a)
)
(/usr/local/texlive/2026/texmf-dist/tex/generic/pgf/basiclayer/pgfcorerdf.code.
tex
File: pgfcorerdf.code.tex 2025-08-29 v3.1.11a (3.1.11a)
)))
(/usr/local/texlive/2026/texmf-dist/tex/generic/pgf/modules/pgfmoduleshapes.cod
e.tex
File: pgfmoduleshapes.code.tex 2025-08-29 v3.1.11a (3.1.11a)
\pgfnodeparttextbox=\box71
)
(/usr/local/texlive/2026/texmf-dist/tex/generic/pgf/modules/pgfmoduleplot.code.
tex
File: pgfmoduleplot.code.tex 2025-08-29 v3.1.11a (3.1.11a)
)
(/usr/local/texlive/2026/texmf-dist/tex/latex/pgf/compatibility/pgfcomp-version
-0-65.sty
Package: pgfcomp-version-0-65 2025-08-29 v3.1.11a (3.1.11a)
\pgf@nodesepstart=\dimen291
\pgf@nodesepend=\dimen292
)
(/usr/local/texlive/2026/texmf-dist/tex/latex/pgf/compatibility/pgfcomp-version
-1-18.sty
Package: pgfcomp-version-1-18 2025-08-29 v3.1.11a (3.1.11a)
))
(/usr/local/texlive/2026/texmf-dist/tex/latex/pgf/utilities/pgffor.sty
(/usr/local/texlive/2026/texmf-dist/tex/latex/pgf/utilities/pgfkeys.sty
(/usr/local/texlive/2026/texmf-dist/tex/generic/pgf/utilities/pgfkeys.code.tex)
) (/usr/local/texlive/2026/texmf-dist/tex/latex/pgf/math/pgfmath.sty
(/usr/local/texlive/2026/texmf-dist/tex/generic/pgf/math/pgfmath.code.tex))
(/usr/local/texlive/2026/texmf-dist/tex/generic/pgf/utilities/pgffor.code.tex
Package: pgffor 2025-08-29 v3.1.11a (3.1.11a)
\pgffor@iter=\dimen293
\pgffor@skip=\dimen294
\pgffor@stack=\toks41
\pgffor@toks=\toks42
))
(/usr/local/texlive/2026/texmf-dist/tex/generic/pgf/frontendlayer/tikz/tikz.cod
e.tex
Package: tikz 2025-08-29 v3.1.11a (3.1.11a)

(/usr/local/texlive/2026/texmf-dist/tex/generic/pgf/libraries/pgflibraryplothan
dlers.code.tex
File: pgflibraryplothandlers.code.tex 2025-08-29 v3.1.11a (3.1.11a)
\pgf@plot@mark@count=\count342
\pgfplotmarksize=\dimen295
)
\tikz@lastx=\dimen296
\tikz@lasty=\dimen297
\tikz@lastxsaved=\dimen298
\tikz@lastysaved=\dimen299
\tikz@lastmovetox=\dimen300
\tikz@lastmovetoy=\dimen301
\tikzleveldistance=\dimen302
\tikzsiblingdistance=\dimen303
\tikz@figbox=\box72
\tikz@figbox@bg=\box73
\tikz@tempbox=\box74
\tikz@tempbox@bg=\box75
\tikztreelevel=\count343
\tikznumberofchildren=\count344
\tikznumberofcurrentchild=\count345
\tikz@fig@count=\count346

(/usr/local/texlive/2026/texmf-dist/tex/generic/pgf/modules/pgfmodulematrix.cod
e.tex
File: pgfmodulematrix.code.tex 2025-08-29 v3.1.11a (3.1.11a)
\pgfmatrixcurrentrow=\count347
\pgfmatrixcurrentcolumn=\count348
\pgf@matrix@numberofcolumns=\count349
)
\tikz@expandcount=\count350

(/usr/local/texlive/2026/texmf-dist/tex/generic/pgf/frontendlayer/tikz/librarie
s/tikzlibrarytopaths.code.tex
File: tikzlibrarytopaths.code.tex 2025-08-29 v3.1.11a (3.1.11a)
)))
(/usr/local/texlive/2026/texmf-dist/tex/generic/pgf/frontendlayer/tikz/librarie
s/tikzlibrarytrees.code.tex
File: tikzlibrarytrees.code.tex 2025-08-29 v3.1.11a (3.1.11a)
)
(/usr/local/texlive/2026/texmf-dist/tex/generic/pgf/libraries/pgflibraryarrows.
meta.code.tex
File: pgflibraryarrows.meta.code.tex 2025-08-29 v3.1.11a (3.1.11a)
\pgfarrowinset=\dimen304
\pgfarrowlength=\dimen305
\pgfarrowwidth=\dimen306
\pgfarrowlinewidth=\dimen307
)
(/usr/local/texlive/2026/texmf-dist/tex/generic/pgf/frontendlayer/tikz/librarie
s/tikzlibrarypositioning.code.tex
File: tikzlibrarypositioning.code.tex 2025-08-29 v3.1.11a (3.1.11a)
)
(/usr/local/texlive/2026/texmf-dist/tex/generic/pgf/frontendlayer/tikz/librarie
s/tikzlibraryshapes.geometric.code.tex
File: tikzlibraryshapes.geometric.code.tex 2025-08-29 v3.1.11a (3.1.11a)

(/usr/local/texlive/2026/texmf-dist/tex/generic/pgf/libraries/shapes/pgflibrary
shapes.geometric.code.tex
File: pgflibraryshapes.geometric.code.tex 2025-08-29 v3.1.11a (3.1.11a)
))
(/usr/local/texlive/2026/texmf-dist/tex/latex/forest/forest.sty
Package: forest 2017/07/14 v2.1.5 Drawing (linguistic) trees

(/usr/local/texlive/2026/texmf-dist/tex/generic/pgf/frontendlayer/tikz/librarie
s/tikzlibraryshapes.code.tex
File: tikzlibraryshapes.code.tex 2025-08-29 v3.1.11a (3.1.11a)

(/usr/local/texlive/2026/texmf-dist/tex/generic/pgf/frontendlayer/tikz/librarie
s/tikzlibraryshapes.misc.code.tex
File: tikzlibraryshapes.misc.code.tex 2025-08-29 v3.1.11a (3.1.11a)

(/usr/local/texlive/2026/texmf-dist/tex/generic/pgf/libraries/shapes/pgflibrary
shapes.misc.code.tex
File: pgflibraryshapes.misc.code.tex 2025-08-29 v3.1.11a (3.1.11a)
))
(/usr/local/texlive/2026/texmf-dist/tex/generic/pgf/frontendlayer/tikz/librarie
s/tikzlibraryshapes.symbols.code.tex
File: tikzlibraryshapes.symbols.code.tex 2025-08-29 v3.1.11a (3.1.11a)

(/usr/local/texlive/2026/texmf-dist/tex/generic/pgf/libraries/shapes/pgflibrary
shapes.symbols.code.tex
File: pgflibraryshapes.symbols.code.tex 2025-08-29 v3.1.11a (3.1.11a)
))
(/usr/local/texlive/2026/texmf-dist/tex/generic/pgf/frontendlayer/tikz/librarie
s/tikzlibraryshapes.arrows.code.tex
File: tikzlibraryshapes.arrows.code.tex 2025-08-29 v3.1.11a (3.1.11a)

(/usr/local/texlive/2026/texmf-dist/tex/generic/pgf/libraries/shapes/pgflibrary
shapes.arrows.code.tex
File: pgflibraryshapes.arrows.code.tex 2025-08-29 v3.1.11a (3.1.11a)
))
(/usr/local/texlive/2026/texmf-dist/tex/generic/pgf/frontendlayer/tikz/librarie
s/tikzlibraryshapes.callouts.code.tex
(/usr/local/texlive/2026/texmf-dist/tex/generic/pgf/libraries/shapes/pgflibrary
shapes.callouts.code.tex))
(/usr/local/texlive/2026/texmf-dist/tex/generic/pgf/frontendlayer/tikz/librarie
s/tikzlibraryshapes.multipart.code.tex
File: tikzlibraryshapes.multipart.code.tex 2025-08-29 v3.1.11a (3.1.11a)

(/usr/local/texlive/2026/texmf-dist/tex/generic/pgf/libraries/shapes/pgflibrary
shapes.multipart.code.tex
File: pgflibraryshapes.multipart.code.tex 2025-08-29 v3.1.11a (3.1.11a)
\pgfnodepartlowerbox=\box76
\pgfnodeparttwobox=\box77
\pgfnodepartthreebox=\box78
\pgfnodepartfourbox=\box79
\pgfnodeparttwentybox=\box80
\pgfnodepartnineteenbox=\box81
\pgfnodeparteighteenbox=\box82
\pgfnodepartseventeenbox=\box83
\pgfnodepartsixteenbox=\box84
\pgfnodepartfifteenbox=\box85
\pgfnodepartfourteenbox=\box86
\pgfnodepartthirteenbox=\box87
\pgfnodeparttwelvebox=\box88
\pgfnodepartelevenbox=\box89
\pgfnodeparttenbox=\box90
\pgfnodepartninebox=\box91
\pgfnodeparteightbox=\box92
\pgfnodepartsevenbox=\box93
\pgfnodepartsixbox=\box94
\pgfnodepartfivebox=\box95
)))
(/usr/local/texlive/2026/texmf-dist/tex/generic/pgf/frontendlayer/tikz/librarie
s/tikzlibraryfit.code.tex
File: tikzlibraryfit.code.tex 2025-08-29 v3.1.11a (3.1.11a)
)
(/usr/local/texlive/2026/texmf-dist/tex/generic/pgf/frontendlayer/tikz/librarie
s/tikzlibrarycalc.code.tex
File: tikzlibrarycalc.code.tex 2025-08-29 v3.1.11a (3.1.11a)
)
(/usr/local/texlive/2026/texmf-dist/tex/generic/pgf/libraries/pgflibraryinterse
ctions.code.tex
(/usr/local/texlive/2026/texmf-dist/tex/generic/pgf/libraries/pgflibraryfpu.cod
e.tex)
\pgf@intersect@solutions=\count351
) (/usr/local/texlive/2026/texmf-dist/tex/latex/pgfopts/pgfopts.sty
Package: pgfopts 2014/07/10 v2.1a LaTeX package options with pgfkeys
\pgfopts@list@add@a@toks=\toks43
\pgfopts@list@add@b@toks=\toks44
)
(/usr/local/texlive/2026/texmf-dist/tex/latex/elocalloc/elocalloc.sty
Package: elocalloc 2016/12/15 v0.03 local allocation for LaTeX 2015+ (DPC)
)
(/usr/local/texlive/2026/texmf-dist/tex/latex/environ/environ.sty
Package: environ 2014/05/04 v0.3 A new way to define environments

(/usr/local/texlive/2026/texmf-dist/tex/latex/trimspaces/trimspaces.sty
Package: trimspaces 2009/09/17 v1.1 Trim spaces around a token list
))
(/usr/local/texlive/2026/texmf-dist/tex/latex/l3packages/xparse/xparse.sty
(/usr/local/texlive/2026/texmf-dist/tex/latex/l3kernel/expl3.sty
Package: expl3 2026-01-19 L3 programming layer (loader) 

(/usr/local/texlive/2026/texmf-dist/tex/latex/l3backend/l3backend-pdftex.def
File: l3backend-pdftex.def 2025-10-09 L3 backend support: PDF output (pdfTeX)
\l__color_backend_stack_int=\count352
))
Package: xparse 2025-10-09 L3 Experimental document command parser
) (/usr/local/texlive/2026/texmf-dist/tex/latex/inlinedef/inlinedef.sty
Package: inlinedef 2008/07/10 v1.0 Inlined expansions within definitions
\ID@toks=\toks45
\ID@count=\count353
)
\ID@usercommands=\toks46
\safeloop@depth=\count354
\safeRKloop@depth=\count355
\forest@temp@dimen=\dimen308
\forest@temp@count=\count356
\forest@n=\count357
\forest@temp@global@count=\count358
\forest@temp@toks=\toks47
\forest@temparray@M=\count359
\forest@temparray@N=\count360
\forest@global@temparray@M=\count361
\forest@global@temparray@N=\count362
\forest@isnum@count=\count363
\forest@isdim@nonintpart=\count364
\forest@isdim@dimen=\dimen309
\forest@sort@m=\count365
\forest@sort@k=\count366
\forest@sort@p=\count367
\bracket@content=\toks48
\bracket@afterthought=\toks49
\forest@node@maxid=\count368
\forest@process@left@M=\count369
\forest@process@left@N=\count370
\forest@process@right@M=\count371
\forest@process@right@N=\count372
\forest@process@saved@M=\count373
\forest@process@saved@N=\count374
\forest@process@result@M=\count375
\forest@process@result@N=\count376
\forest@process@n=\count377
\forest@nodewalk@branch@toks=\toks50
\forest@nodewalk@shortsteps@resolution=\toks51
\forest@do@dynamics=\toks52
\forest@box=\box96
\forest@xg=\dimen310
\forest@yg=\dimen311
\forest@xs=\dimen312
\forest@ys=\dimen313
\forest@pi@toks=\toks53
\forest@segment@toks=\toks54
\forest@PIi@toks=\toks55
\forest@PIii@toks=\toks56
\forest@copy@in=\read3
\forest@copy@out=\write4
\forest@externalize@max@outer@n=\count378
\forest@externalize@inner@n=\count379
)
(/usr/local/texlive/2026/texmf-dist/tex/latex/fancyvrb/fancyvrb.sty
Package: fancyvrb 2025/07/28 4.6 verbatim text (tvz,hv)
\FV@CodeLineNo=\count380
\FV@InFile=\read4
\FV@TabBox=\box97
\c@FancyVerbLine=\count381
\FV@StepNumber=\count382
\FV@OutFile=\write5
)
(/usr/local/texlive/2026/texmf-dist/tex/latex/tcolorbox/tcolorbox.sty
Package: tcolorbox 2025/11/28 version 6.9.0 text color boxes

(/usr/local/texlive/2026/texmf-dist/tex/latex/tools/verbatim.sty
Package: verbatim 2024-01-22 v1.5x LaTeX2e package for verbatim enhancements
\every@verbatim=\toks57
\verbatim@line=\toks58
\verbatim@in@stream=\read5
)
\tcb@titlebox=\box98
\tcb@upperbox=\box99
\tcb@lowerbox=\box100
\tcb@phantombox=\box101
\c@tcbbreakpart=\count383
\c@tcblayer=\count384
\c@tcolorbox@number=\count385
\l__tcobox_tmpa_box=\box102
\l__tcobox_tmpa_dim=\dimen314
\tcb@temp=\box103
\tcb@temp=\box104
\tcb@temp=\box105
\tcb@temp=\box106
)
(/usr/local/texlive/2026/texmf-dist/tex/latex/tcolorbox/tcblistings.code.tex
Library (tcolorbox): 'tcblistings.code.tex' version '6.9.0'

(/usr/local/texlive/2026/texmf-dist/tex/latex/tcolorbox/tcblistingscore.code.te
x
Library (tcolorbox): 'tcblistingscore.code.tex' version '6.9.0'
(/usr/local/texlive/2026/texmf-dist/tex/latex/tcolorbox/tcbprocessing.code.tex
Library (tcolorbox): 'tcbprocessing.code.tex' version '6.9.0'
)
\c@tcblisting=\count386
)) (/usr/local/texlive/2026/texmf-dist/tex/latex/tcolorbox/tcbskins.code.tex
Library (tcolorbox): 'tcbskins.code.tex' version '6.9.0'
(/usr/local/texlive/2026/texmf-dist/tex/latex/tikzfill/tikzfill.image.sty
Package: tikzfill.image 2023/08/08 v1.0.1 Image filling library for TikZ

(/usr/local/texlive/2026/texmf-dist/tex/latex/tikzfill/tikzfill-common.sty
Package: tikzfill-common 2023/08/08 v1.0.1 Auxiliary code for tikzfill
)
(/usr/local/texlive/2026/texmf-dist/tex/latex/tikzfill/tikzlibraryfill.image.co
de.tex
File: tikzlibraryfill.image.code.tex 2023/08/08 v1.0.1 Image filling library
\l__tikzfill_img_box=\box107
))
(/usr/local/texlive/2026/texmf-dist/tex/latex/tcolorbox/tcbskinsjigsaw.code.tex
Library (tcolorbox): 'tcbskinsjigsaw.code.tex' version '6.9.0'
))
(/usr/local/texlive/2026/texmf-dist/tex/latex/tcolorbox/tcbbreakable.code.tex
Library (tcolorbox): 'tcbbreakable.code.tex' version '6.9.0'
(/usr/local/texlive/2026/texmf-dist/tex/latex/pdfcol/pdfcol.sty
Package: pdfcol 2022-09-21 v1.7 Handle new color stacks for pdfTeX (HO)
)
Package pdfcol Info: New color stack `tcb@breakable' = 1 on input line 23.
\tcb@testbox=\box108
\tcb@totalupperbox=\box109
\tcb@totallowerbox=\box110
)
(/usr/local/texlive/2026/texmf-dist/tex/latex/float/float.sty
Package: float 2001/11/08 v1.3d Float enhancements (AL)
\c@float@type=\count387
\float@exts=\toks59
\float@box=\box111
\@float@everytoks=\toks60
\@floatcapt=\box112
)
(/usr/local/texlive/2026/texmf-dist/tex/latex/appendix/appendix.sty
Package: appendix 2020/02/08 v1.2c extra appendix facilities
\c@@pps=\count388
\c@@ppsavesec=\count389
\c@@ppsaveapp=\count390
)
(/usr/local/texlive/2026/texmf-dist/tex/latex/tools/multicol.sty
Package: multicol 2025/10/21 v2.0b multicolumn formatting (FMi)
\c@tracingmulticols=\count391
\mult@box=\box113
\multicol@leftmargin=\dimen315
\c@unbalance=\count392
\c@collectmore=\count393
\doublecol@number=\count394
\multicoltolerance=\count395
\multicolpretolerance=\count396
\full@width=\dimen316
\page@free=\dimen317
\premulticols=\dimen318
\postmulticols=\dimen319
\multicolsep=\skip62
\multicolbaselineskip=\skip63
\partial@page=\box114
\last@line=\box115
\mc@boxedresult=\box116
\maxbalancingoverflow=\dimen320
\mult@rightbox=\box117
\mult@grightbox=\box118
\mult@firstbox=\box119
\mult@gfirstbox=\box120
\@tempa=\box121
\@tempa=\box122
\@tempa=\box123
\@tempa=\box124
\@tempa=\box125
\@tempa=\box126
\@tempa=\box127
\@tempa=\box128
\@tempa=\box129
\@tempa=\box130
\@tempa=\box131
\@tempa=\box132
\@tempa=\box133
\@tempa=\box134
\@tempa=\box135
\@tempa=\box136
\@tempa=\box137
\@tempa=\box138
\@tempa=\box139
\@tempa=\box140
\@tempa=\box141
\@tempa=\box142
\@tempa=\box143
\@tempa=\box144
\@tempa=\box145
\@tempa=\box146
\@tempa=\box147
\@tempa=\box148
\@tempa=\box149
\@tempa=\box150
\@tempa=\box151
\@tempa=\box152
\@tempa=\box153
\@tempa=\box154
\@tempa=\box155
\@tempa=\box156
\c@minrows=\count397
\c@columnbadness=\count398
\c@finalcolumnbadness=\count399
\last@try=\dimen321
\multicolovershoot=\dimen322
\multicolundershoot=\dimen323
\mult@nat@firstbox=\box157
\colbreak@box=\box158
\mc@col@check@num=\count400
\g__mc_curr_col_int=\count401
)
(/usr/local/texlive/2026/texmf-dist/tex/latex/parskip/parskip.sty
Package: parskip 2021-03-14 v2.0h non-zero parskip adjustments
)
LaTeX Font Info:    Trying to load font information for T1+lmr on input line 14
7.

(/usr/local/texlive/2026/texmf-dist/tex/latex/lm/t1lmr.fd
File: t1lmr.fd 2015/05/01 v1.6.1 Font defs for Latin Modern
)
(./hipaa_formalization_guide.aux)
\openout1 = `hipaa_formalization_guide.aux'.

LaTeX Font Info:    Checking defaults for OML/cmm/m/it on input line 147.
LaTeX Font Info:    ... okay on input line 147.
LaTeX Font Info:    Checking defaults for OMS/cmsy/m/n on input line 147.
LaTeX Font Info:    ... okay on input line 147.
LaTeX Font Info:    Checking defaults for OT1/cmr/m/n on input line 147.
LaTeX Font Info:    ... okay on input line 147.
LaTeX Font Info:    Checking defaults for T1/cmr/m/n on input line 147.
LaTeX Font Info:    ... okay on input line 147.
LaTeX Font Info:    Checking defaults for TS1/cmr/m/n on input line 147.
LaTeX Font Info:    ... okay on input line 147.
LaTeX Font Info:    Checking defaults for OMX/cmex/m/n on input line 147.
LaTeX Font Info:    ... okay on input line 147.
LaTeX Font Info:    Checking defaults for U/cmr/m/n on input line 147.
LaTeX Font Info:    ... okay on input line 147.
LaTeX Font Info:    Checking defaults for PD1/pdf/m/n on input line 147.
LaTeX Font Info:    ... okay on input line 147.
LaTeX Font Info:    Checking defaults for PU/pdf/m/n on input line 147.
LaTeX Font Info:    ... okay on input line 147.

*geometry* driver: auto-detecting
*geometry* detected driver: pdftex
*geometry* verbose mode - [ preamble ] result:
* driver: pdftex
* paper: letterpaper
* layout: <same size as paper>
* layoutoffset:(h,v)=(0.0pt,0.0pt)
* modes: 
* h-part:(L,W,R)=(72.26999pt, 469.75502pt, 72.26999pt)
* v-part:(T,H,B)=(72.26999pt, 650.43001pt, 72.26999pt)
* \paperwidth=614.295pt
* \paperheight=794.96999pt
* \textwidth=469.75502pt
* \textheight=650.43001pt
* \oddsidemargin=0.0pt
* \evensidemargin=0.0pt
* \topmargin=-37.0pt
* \headheight=12.0pt
* \headsep=25.0pt
* \topskip=11.0pt
* \footskip=30.0pt
* \marginparwidth=59.0pt
* \marginparsep=10.0pt
* \columnsep=10.0pt
* \skip\footins=10.0pt plus 4.0pt minus 2.0pt
* \hoffset=0.0pt
* \voffset=0.0pt
* \mag=1000
* \@twocolumnfalse
* \@twosidefalse
* \@mparswitchfalse
* \@reversemarginfalse
* (1in=72.27pt=25.4mm, 1cm=28.453pt)

Package hyperref Info: Link coloring OFF on input line 147.
(./hipaa_formalization_guide.out) (./hipaa_formalization_guide.out)
\@outlinefile=\write6
\openout6 = `hipaa_formalization_guide.out'.


(/usr/local/texlive/2026/texmf-dist/tex/context/base/mkii/supp-pdf.mkii
[Loading MPS to PDF converter (version 2006.09.02).]
\scratchcounter=\count402
\scratchdimen=\dimen324
\scratchbox=\box159
\nofMPsegments=\count403
\nofMParguments=\count404
\everyMPshowfont=\toks61
\MPscratchCnt=\count405
\MPscratchDim=\dimen325
\MPnumerator=\count406
\makeMPintoPDFobject=\count407
\everyMPtoPDFconversion=\toks62
) (/usr/local/texlive/2026/texmf-dist/tex/latex/epstopdf-pkg/epstopdf-base.sty
Package: epstopdf-base 2020-01-24 v2.11 Base part for package epstopdf
Package epstopdf-base Info: Redefining graphics rule for `.eps' on input line 4
85.

(/usr/local/texlive/2026/texmf-dist/tex/latex/latexconfig/epstopdf-sys.cfg
File: epstopdf-sys.cfg 2010/07/13 v1.3 Configuration of (r)epstopdf for TeX Liv
e
))
\c@lstlisting=\count408
LaTeX Font Info:    Trying to load font information for OT1+lmr on input line 1
50.

(/usr/local/texlive/2026/texmf-dist/tex/latex/lm/ot1lmr.fd
File: ot1lmr.fd 2015/05/01 v1.6.1 Font defs for Latin Modern
)
LaTeX Font Info:    Trying to load font information for OML+lmm on input line 1
50.

(/usr/local/texlive/2026/texmf-dist/tex/latex/lm/omllmm.fd
File: omllmm.fd 2015/05/01 v1.6.1 Font defs for Latin Modern
)
LaTeX Font Info:    Trying to load font information for OMS+lmsy on input line 
150.

(/usr/local/texlive/2026/texmf-dist/tex/latex/lm/omslmsy.fd
File: omslmsy.fd 2015/05/01 v1.6.1 Font defs for Latin Modern
)
LaTeX Font Info:    Trying to load font information for OMX+lmex on input line 
150.

(/usr/local/texlive/2026/texmf-dist/tex/latex/lm/omxlmex.fd
File: omxlmex.fd 2015/05/01 v1.6.1 Font defs for Latin Modern
)
LaTeX Font Info:    External font `lmex10' loaded for size
(Font)              <12> on input line 150.
LaTeX Font Info:    External font `lmex10' loaded for size
(Font)              <8> on input line 150.
LaTeX Font Info:    External font `lmex10' loaded for size
(Font)              <6> on input line 150.
LaTeX Font Info:    Trying to load font information for U+msa on input line 150
.

(/usr/local/texlive/2026/texmf-dist/tex/latex/amsfonts/umsa.fd
File: umsa.fd 2013/01/14 v3.01 AMS symbols A
)
LaTeX Font Info:    Trying to load font information for U+msb on input line 150
.

(/usr/local/texlive/2026/texmf-dist/tex/latex/amsfonts/umsb.fd
File: umsb.fd 2013/01/14 v3.01 AMS symbols B
)
(./hipaa_formalization_guide.toc
LaTeX Font Info:    External font `lmex10' loaded for size
(Font)              <10.95> on input line 2.
 [1

{/usr/local/texlive/2026/texmf-var/fonts/map/pdftex/updmap/pdftex.map}{/usr/loc
al/texlive/2026/texmf-dist/fonts/enc/dvips/lm/lm-ec.enc}]
LaTeX Font Info:    Trying to load font information for T1+lmtt on input line 3
9.
 (/usr/local/texlive/2026/texmf-dist/tex/latex/lm/t1lmtt.fd
File: t1lmtt.fd 2015/05/01 v1.6.1 Font defs for Latin Modern
)
[2] [3] [4])
\tf@toc=\write7
\openout7 = `hipaa_formalization_guide.toc'.

 [5]
LaTeX Font Info:    Trying to load font information for TS1+lmr on input line 1
68.
 (/usr/local/texlive/2026/texmf-dist/tex/latex/lm/ts1lmr.fd
File: ts1lmr.fd 2015/05/01 v1.6.1 Font defs for Latin Modern
)
(/usr/local/texlive/2026/texmf-dist/tex/latex/listings/lstlang1.sty
File: lstlang1.sty 2025/11/14 1.11b listings language file
)
(/usr/local/texlive/2026/texmf-dist/tex/latex/listings/lstlang1.sty
File: lstlang1.sty 2025/11/14 1.11b listings language file
)
LaTeX Font Info:    Font shape `T1/lmtt/bx/n' in size <10> not available
(Font)              Font shape `T1/lmtt/b/n' tried instead on input line 199.
 [6{/usr/local/texlive/2026/texmf-dist/fonts/enc/dvips/lm/lm-ts1.enc}]
Package hyperref Info: bookmark level for unknown lstlisting defaults to 0 on i
nput line 240.
 [7] [8]
Underfull \hbox (badness 2818) in paragraph at lines 364--364
[]|\T1/lmr/m/n/10.95 Role hi-er-ar-chy (\T1/lmtt/m/n/10.95 role_isa\T1/lmr/m/n/
10.95 , \T1/lmtt/m/n/10.95 role_subtype\T1/lmr/m/n/10.95 ), at-tribute hi-er-ar
-chy
 []


Underfull \hbox (badness 7344) in paragraph at lines 364--364
\T1/lmr/m/n/10.95 (\T1/lmtt/m/n/10.95 attr_isa\T1/lmr/m/n/10.95 , \T1/lmtt/m/n/
10.95 attr_subtype\T1/lmr/m/n/10.95 ), pur-pose hi-er-ar-chy (\T1/lmtt/m/n/10.9
5 purpose_isa\T1/lmr/m/n/10.95 ,
 []


Underfull \hbox (badness 10000) in paragraph at lines 364--364
[]|\T1/lmr/m/n/10.95 Helper pred-i-cates trans-lat-ing the PDF's macros:
 []


Underfull \hbox (badness 10000) in paragraph at lines 364--364
\T1/lmtt/m/n/10.95 is_covered_entity\T1/lmr/m/n/10.95 , \T1/lmtt/m/n/10.95 is_p
hi\T1/lmr/m/n/10.95 , \T1/lmtt/m/n/10.95 is_for_tpo\T1/lmr/m/n/10.95 ,
 []


Underfull \hbox (badness 10000) in paragraph at lines 364--364
\T1/lmtt/m/n/10.95 is_personal_representative\T1/lmr/m/n/10.95 , or-a-cle pred-
i-cates
 []


Underfull \hbox (badness 10000) in paragraph at lines 364--364
[]|\T1/lmr/m/n/10.95 Top-level \T1/lmtt/m/n/10.95 is_disclosure_allowed\T1/lmr/
m/n/10.95 , de-nial track-ing
 []

[9] [10
pdfTeX warning (ext4): destination with the same identifier (name{table.1}) has
 been already used, duplicate ignored
<argument> ...shipout:D \box_use:N \l_shipout_box 
                                                  \__shipout_drop_firstpage_...
l.383 #i
        nclude "hipaa_164_506.dl"] [11]
LaTeX Font Info:    External font `lmex10' loaded for size
(Font)              <5> on input line 500.
 [12] [13{/usr/local/texlive/2026/texmf-dist/fonts/enc/dvips/lm/lm-mathsy.enc}
pdfTeX warning (ext4): destination with the same identifier (name{figure.1}) ha
s been already used, duplicate ignored
<argument> ...shipout:D \box_use:N \l_shipout_box 
                                                  \__shipout_drop_firstpage_...
l.546 \begin{lstlisting}[style=soufflestyle]
                                            
pdfTeX warning (ext4): destination with the same identifier (name{figure.2}) ha
s been already used, duplicate ignored
<argument> ...shipout:D \box_use:N \l_shipout_box 
                                                  \__shipout_drop_firstpage_...
l.546 \begin{lstlisting}[style=soufflestyle]
                                            {/usr/local/texlive/2026/texmf-dist
/fonts/enc/dvips/lm/lm-mathit.enc}{/usr/local/texlive/2026/texmf-dist/fonts/enc
/dvips/lm/lm-rm.enc}]
Overfull \hbox (71.8783pt too wide) in paragraph at lines 576--577
[]\T1/lmr/m/n/10.95 The con-straint is used \T1/lmr/m/it/10.95 in-side \T1/lmr/
m/n/10.95 other rules (e.g., Ÿ502(a)(1)(iii) re-quires \T1/lmtt/m/n/10.95 minim
um_necessary_satisfied(ARGS)
 []

[14] [15] [16] [17]
Overfull \hbox (39.47041pt too wide) in paragraph at lines 764--765
\T1/lmr/m/n/10.95 clo-sures we want to check. For any at-tempted dis-clo-sure, 
if no rule chain can de-rive \T1/lmtt/m/n/10.95 is_disclosure_allowed
 []

[18] [19]
LaTeX Font Info:    Font shape `T1/lmtt/bx/n' in size <12> not available
(Font)              Font shape `T1/lmtt/b/n' tried instead on input line 866.
 [20
pdfTeX warning (ext4): destination with the same identifier (name{table.2}) has
 been already used, duplicate ignored
<argument> ...shipout:D \box_use:N \l_shipout_box 
                                                  \__shipout_drop_firstpage_...
l.871 ...tion={The Expl ADT from hipaa\_types.dl}]
                                                  ]
LaTeX Font Info:    Font shape `T1/lmtt/bx/n' in size <10.95> not available
(Font)              Font shape `T1/lmtt/b/n' tried instead on input line 879.
 [21]
LaTeX Font Info:    External font `lmex10' loaded for size
(Font)              <10> on input line 995.
LaTeX Font Info:    External font `lmex10' loaded for size
(Font)              <7> on input line 995.

Overfull \hbox (110.96355pt too wide) in paragraph at lines 995--996
 [][] 
 []

[22] [23
pdfTeX warning (ext4): destination with the same identifier (name{figure.3}) ha
s been already used, duplicate ignored
<argument> ...shipout:D \box_use:N \l_shipout_box 
                                                  \__shipout_drop_firstpage_...
l.1036 attr_isa(
                "blood-test-results", "phi").] [24]
Overfull \hbox (32.14781pt too wide) in paragraph at lines 1113--1114
\T1/lmr/m/n/10.95 The PDF for-mal-iza-tion uses macros like \T1/lmtt/m/n/10.95 
is_from_coveredEntity(A)\T1/lmr/m/n/10.95 , \T1/lmtt/m/n/10.95 is_phi(A)\T1/lmr
/m/n/10.95 , \T1/lmtt/m/n/10.95 is_for_treatment(A)\T1/lmr/m/n/10.95 ,
 []

[25] [26]
Overfull \hbox (7.31636pt too wide) in paragraph at lines 1192--1193
[]\T1/lmr/m/n/10.95 The dis-junc-tion \T1/lmtt/m/n/10.95 (belongs_to(Q, "adult"
) ; belongs_to(Q, "emancipated-minor")) \T1/lmr/m/n/10.95 mir-
 []

[27] [28]
Underfull \hbox (badness 10000) in paragraph at lines 1298--1299
[]\T1/lmtt/m/n/10.95 permitted_by_164_506_b(A) :- is_for_eitherPurpose(A),
 []

[29] [30] [31]
Underfull \hbox (badness 10000) in paragraph at lines 1425--1426
[]\T1/lmr/m/n/10.95 The PDF uses tem-po-ral logic (``has or had a re-la-tion-sh
ip,'' writ-ten as
 []


Underfull \hbox (badness 2435) in paragraph at lines 1425--1426
\U/msa/m/n/10.95 ^^F[]\OT1/lmr/m/n/10.95 (\OML/lmm/m/it/10.95 p[]; r[]; q\OT1/l
mr/m/n/10.95 )$\T1/lmr/m/n/10.95 ) to ex-press that the re-la-tion-ship ex-iste
d at some past
 []

[32] [33]
Underfull \hbox (badness 10000) in paragraph at lines 1555--1556
[]\T1/lmr/m/n/10.95 The no-ta-tion $\OML/lmm/m/it/10.95 p[] \OMS/lmsy/m/n/10.95
 ^^Y \OML/lmm/m/it/10.95 q$ \T1/lmr/m/n/10.95 from the PDF is trans-lated as \T
1/lmtt/m/n/10.95 (p2 = q ;
 []

[34] [35] [36] [37] [38] [39] [40] [41]
Overfull \hbox (41.5595pt too wide) in paragraph at lines 1917--1932
 [][] 
 []


Overfull \hbox (2.53244pt too wide) in paragraph at lines 1942--1943
[]\T1/lmr/bx/n/10.95 Personal rep-re-sen-ta-tive\T1/lmr/m/n/10.95 : \T1/lmtt/m/
n/10.95 !abuse_exception(P, Q) \T1/lmr/m/n/10.95 and \T1/lmtt/m/n/10.95 !minor_
acts_as_individual(P,
 []

[42
pdfTeX warning (ext4): destination with the same identifier (name{table.3}) has
 been already used, duplicate ignored
<argument> ...shipout:D \box_use:N \l_shipout_box 
                                                  \__shipout_drop_firstpage_...
l.1945 \end{enumerate}
                      ] [43{/usr/local/texlive/2026/texmf-dist/fonts/enc/dvips/
lm/lm-mathex.enc}]
Overfull \hbox (8.6513pt too wide) in paragraph at lines 2033--2034
\T1/lmr/m/n/10.95 Sections Ÿ164.502 and Ÿ164.506 ref-er-ence many other sec-tio
ns (Ÿ164.508, Ÿ164.510, Ÿ164.512, Ÿ164.514,
 []

[44] [45]

LaTeX Font Warning: Font shape `T1/lmtt/bx/it' in size <10> not available
(Font)              Font shape `T1/lmtt/b/sl' tried instead on input line 2102.



Overfull \hbox (11.9405pt too wide) in paragraph at lines 2172--2172
[]|\T1/lmr/bx/n/10.95 Notes| 
 []


Underfull \hbox (badness 10000) in paragraph at lines 2172--2172
[]|\T1/lmr/m/n/10.95 A
 []


Underfull \hbox (badness 10000) in paragraph at lines 2172--2172
\T1/lmr/m/n/10.95 rule
 []


Underfull \hbox (badness 10000) in paragraph at lines 2172--2172
\T1/lmr/m/n/10.95 al-
 []


Overfull \hbox (3.02715pt too wide) in paragraph at lines 2172--2172
\T1/lmr/m/n/10.95 ways
 []


Underfull \hbox (badness 10000) in paragraph at lines 2172--2172
\T1/lmr/m/n/10.95 fails
 []


Underfull \hbox (badness 10000) in paragraph at lines 2172--2172
\T1/lmr/m/n/10.95 is
 []


Underfull \hbox (badness 10000) in paragraph at lines 2172--2172
\T1/lmr/m/n/10.95 ply
 []


Underfull \hbox (badness 10000) in paragraph at lines 2172--2172
\T1/lmr/m/n/10.95 not
 []


Overfull \hbox (3.30074pt too wide) in paragraph at lines 2172--2172
\T1/lmr/m/n/10.95 writ-
 []


Overfull \hbox (11.02675pt too wide) in paragraph at lines 2172--2172
[]|\T1/lmr/m/n/10.95 Debug
 []


Underfull \hbox (badness 10000) in paragraph at lines 2172--2172
\T1/lmr/m/n/10.95 out-
 []


Underfull \hbox (badness 10000) in paragraph at lines 2172--2172
\T1/lmr/m/n/10.95 put
 []


Underfull \hbox (badness 10000) in paragraph at lines 2172--2172
\T1/lmr/m/n/10.95 be-
 []


Overfull \hbox (8.8061pt too wide) in paragraph at lines 2172--2172
\T1/lmr/m/n/10.95 comes
 []


Overfull \hbox (4.6391pt too wide) in paragraph at lines 2172--2172
\T1/lmr/m/n/10.95 ADT
 []


Underfull \hbox (badness 10000) in paragraph at lines 2172--2172
\T1/lmr/m/n/10.95 ex-
 []


Underfull \hbox (badness 10000) in paragraph at lines 2172--2172
\T1/lmr/m/n/10.95 pla-
 []


Underfull \hbox (badness 10000) in paragraph at lines 2172--2172
\T1/lmr/m/n/10.95 na-
 []


Underfull \hbox (badness 10000) in paragraph at lines 2172--2172
\T1/lmr/m/n/10.95 tion
 []


Underfull \hbox (badness 10000) in paragraph at lines 2172--2172
\T1/lmr/m/n/10.95 rea-
 []


Underfull \hbox (badness 10000) in paragraph at lines 2172--2172
\T1/lmr/m/n/10.95 son
 []


Overfull \hbox (10.66176pt too wide) in paragraph at lines 2172--2172
\T1/lmr/m/n/10.95 string.| 
 []


Overfull \hbox (11.36119pt too wide) in paragraph at lines 2172--2172
[]|\T1/lmr/m/n/10.95 Prolog
 []


Overfull \hbox (24.56212pt too wide) in paragraph at lines 2172--2172
\T1/lmr/m/n/10.95 negation-
 []


Underfull \hbox (badness 10000) in paragraph at lines 2172--2172
\T1/lmr/m/n/10.95 as-
 []


Overfull \hbox (10.29659pt too wide) in paragraph at lines 2172--2172
\T1/lmr/m/n/10.95 failure
 []


Underfull \hbox (badness 10000) in paragraph at lines 2172--2172
\T1/lmr/m/n/10.95 be-
 []


Overfull \hbox (8.8061pt too wide) in paragraph at lines 2172--2172
\T1/lmr/m/n/10.95 comes
 []


Overfull \hbox (4.79108pt too wide) in paragraph at lines 2172--2172
\T1/lmr/m/n/10.95 Souf-
 []


Underfull \hbox (badness 10000) in paragraph at lines 2172--2172
\T1/lmr/m/n/10.95 flé
 []


Overfull \hbox (6.40367pt too wide) in paragraph at lines 2172--2172
\T1/lmr/m/n/10.95 strat-
 []


Underfull \hbox (badness 10000) in paragraph at lines 2172--2172
\T1/lmr/m/n/10.95 i-
 []


Underfull \hbox (badness 10000) in paragraph at lines 2172--2172
\T1/lmr/m/n/10.95 fied
 []


Overfull \hbox (5.70378pt too wide) in paragraph at lines 2172--2172
\T1/lmr/m/n/10.95 nega-
 []


Overfull \hbox (2.0538pt too wide) in paragraph at lines 2172--2172
\T1/lmr/m/n/10.95 tion.| 
 []


Overfull \hbox (11.78667pt too wide) in paragraph at lines 2172--2172
[]|\T1/lmr/m/n/10.95 Soufflé
 []


Overfull \hbox (4.88264pt too wide) in paragraph at lines 2172--2172
\T1/lmr/m/n/10.95 ports
 []


Underfull \hbox (badness 10000) in paragraph at lines 2172--2172
\T1/lmr/m/n/10.95 rule
 []


Overfull \hbox (2.05365pt too wide) in paragraph at lines 2172--2172
\T1/lmr/m/n/10.95 bod-
 []


Underfull \hbox (badness 10000) in paragraph at lines 2172--2172
\T1/lmr/m/n/10.95 ies,
 []


Underfull \hbox (badness 10000) in paragraph at lines 2172--2172
\T1/lmr/m/n/10.95 or
 []


Underfull \hbox (badness 10000) in paragraph at lines 2172--2172
\T1/lmr/m/n/10.95 use
 []


Underfull \hbox (badness 10000) in paragraph at lines 2172--2172
\T1/lmr/m/n/10.95 sep-
 []


Underfull \hbox (badness 10000) in paragraph at lines 2172--2172
\T1/lmr/m/n/10.95 a-
 []


Underfull \hbox (badness 10000) in paragraph at lines 2172--2172
\T1/lmr/m/n/10.95 rate
 []


Overfull \hbox (2.7534pt too wide) in paragraph at lines 2172--2172
\T1/lmr/m/n/10.95 rules
 []


Underfull \hbox (badness 10000) in paragraph at lines 2172--2172
\T1/lmr/m/n/10.95 for
 []


Underfull \hbox (badness 10000) in paragraph at lines 2172--2172
\T1/lmr/m/n/10.95 the
 []


Overfull \hbox (3.93938pt too wide) in paragraph at lines 2172--2172
\T1/lmr/m/n/10.95 same
 []


Overfull \hbox (5.70369pt too wide) in paragraph at lines 2172--2172
\T1/lmr/m/n/10.95 head.| 
 []


Overfull \hbox (3.11868pt too wide) in paragraph at lines 2172--2172
[]|\T1/lmr/m/n/10.95 PDF
 []


Underfull \hbox (badness 10000) in paragraph at lines 2172--2172
\T1/lmr/m/n/10.95 de-
 []


Underfull \hbox (badness 10000) in paragraph at lines 2172--2172
\T1/lmr/m/n/10.95 bug
 []


Overfull \hbox (0.89804pt too wide) in paragraph at lines 2172--2172
\T1/lmr/m/n/10.95 calls
 []


Underfull \hbox (badness 10000) in paragraph at lines 2172--2172
\T1/lmr/m/n/10.95 be-
 []


Overfull \hbox (4.4869pt too wide) in paragraph at lines 2172--2172
\T1/lmr/m/n/10.95 come
 []


Overfull \hbox (3.27016pt too wide) in paragraph at lines 2172--2172
\T1/lmr/m/n/10.95 com-
 []


Overfull \hbox (8.5019pt too wide) in paragraph at lines 2172--2172
\T1/lmr/m/n/10.95 ments
 []


Underfull \hbox (badness 10000) in paragraph at lines 2172--2172
\T1/lmr/m/n/10.95 in
 []


Underfull \hbox (badness 10000) in paragraph at lines 2172--2172
\T1/lmr/m/n/10.95 the
 []


Overfull \hbox (4.79108pt too wide) in paragraph at lines 2172--2172
\T1/lmr/m/n/10.95 Souf-
 []


Underfull \hbox (badness 10000) in paragraph at lines 2172--2172
\T1/lmr/m/n/10.95 flé
 []


Overfull \hbox (4.79134pt too wide) in paragraph at lines 2172--2172
\T1/lmr/m/n/10.95 code.| 
 []


Underfull \hbox (badness 10000) in paragraph at lines 2172--2172
[]|\T1/lmr/m/n/10.95 The
 []


Underfull \hbox (badness 10000) in paragraph at lines 2172--2172
\T1/lmr/m/n/10.95 sin-
 []


Underfull \hbox (badness 10000) in paragraph at lines 2172--2172
\T1/lmr/m/n/10.95 gle
 []


Underfull \hbox (badness 10000) in paragraph at lines 2172--2172
\T1/lmr/m/n/10.95 pa-
 []


Overfull \hbox (2.69217pt too wide) in paragraph at lines 2172--2172
\T1/lmr/m/n/10.95 ram-
 []


Underfull \hbox (badness 10000) in paragraph at lines 2172--2172
\T1/lmr/m/n/10.95 e-ter
 []


Underfull \hbox (badness 10000) in paragraph at lines 2172--2172
\T1/lmr/m/n/10.95 is
 []


Underfull \hbox (badness 10000) in paragraph at lines 2172--2172
\T1/lmr/m/n/10.95 un-
 []


Overfull \hbox (12.69981pt too wide) in paragraph at lines 2172--2172
\T1/lmr/m/n/10.95 packed
 []


Underfull \hbox (badness 10000) in paragraph at lines 2172--2172
\T1/lmr/m/n/10.95 into
 []


Underfull \hbox (badness 10000) in paragraph at lines 2172--2172
\T1/lmr/m/n/10.95 6
 []


Overfull \hbox (1.78026pt too wide) in paragraph at lines 2172--2172
\T1/lmr/m/n/10.95 vari-
 []


Overfull \hbox (6.9813pt too wide) in paragraph at lines 2172--2172
\T1/lmr/m/n/10.95 ables.| 
 []


Overfull \hbox (10.29713pt too wide) in paragraph at lines 2172--2172
[]|\T1/lmr/m/n/10.95 Macro
 []


Underfull \hbox (badness 10000) in paragraph at lines 2172--2172
\T1/lmr/m/n/10.95 ex-
 []


Overfull \hbox (14.82855pt too wide) in paragraph at lines 2172--2172
\T1/lmr/m/n/10.95 panded
 []


Underfull \hbox (badness 10000) in paragraph at lines 2172--2172
\T1/lmr/m/n/10.95 to
 []


Overfull \hbox (6.0083pt too wide) in paragraph at lines 2172--2172
\T1/lmr/m/n/10.95 check
 []


Underfull \hbox (badness 10000) in paragraph at lines 2172--2172
\T1/lmtt/m/n/10.95 p1\T1/lmr/m/n/10.95 's
 []


Overfull \hbox (0.86757pt too wide) in paragraph at lines 2172--2172
\T1/lmr/m/n/10.95 role.| 
 []


Overfull \hbox (10.29713pt too wide) in paragraph at lines 2172--2172
[]|\T1/lmr/m/n/10.95 Macro
 []


Underfull \hbox (badness 10000) in paragraph at lines 2172--2172
\T1/lmr/m/n/10.95 ex-
 []


Overfull \hbox (14.82855pt too wide) in paragraph at lines 2172--2172
\T1/lmr/m/n/10.95 panded
 []


Underfull \hbox (badness 10000) in paragraph at lines 2172--2172
\T1/lmr/m/n/10.95 to
 []


Overfull \hbox (6.0083pt too wide) in paragraph at lines 2172--2172
\T1/lmr/m/n/10.95 check
 []


Underfull \hbox (badness 10000) in paragraph at lines 2172--2172
\T1/lmr/m/n/10.95 at-
 []


Overfull \hbox (13.03435pt too wide) in paragraph at lines 2172--2172
\T1/lmr/m/n/10.95 tribute
 []


Overfull \hbox (4.18329pt too wide) in paragraph at lines 2172--2172
\T1/lmr/m/n/10.95 type.| 
 []


Overfull \hbox (10.29713pt too wide) in paragraph at lines 2172--2172
[]|\T1/lmr/m/n/10.95 Macro
 []


Underfull \hbox (badness 10000) in paragraph at lines 2172--2172
\T1/lmr/m/n/10.95 re-
 []


Overfull \hbox (11.78667pt too wide) in paragraph at lines 2172--2172
\T1/lmr/m/n/10.95 named
 []


Underfull \hbox (badness 10000) in paragraph at lines 2172--2172
\T1/lmr/m/n/10.95 and
 []


Underfull \hbox (badness 10000) in paragraph at lines 2172--2172
\T1/lmr/m/n/10.95 ex-
 []


Overfull \hbox (17.8702pt too wide) in paragraph at lines 2172--2172
\T1/lmr/m/n/10.95 panded.| 
 []


Overfull \hbox (10.29713pt too wide) in paragraph at lines 2172--2172
[]|\T1/lmr/m/n/10.95 Macro
 []


Underfull \hbox (badness 10000) in paragraph at lines 2172--2172
\T1/lmr/m/n/10.95 ex-
 []


Overfull \hbox (14.82855pt too wide) in paragraph at lines 2172--2172
\T1/lmr/m/n/10.95 panded
 []


Underfull \hbox (badness 10000) in paragraph at lines 2172--2172
\T1/lmr/m/n/10.95 to
 []


Overfull \hbox (6.0083pt too wide) in paragraph at lines 2172--2172
\T1/lmr/m/n/10.95 check
 []


Underfull \hbox (badness 10000) in paragraph at lines 2172--2172
\T1/lmtt/m/n/10.95 p2\T1/lmr/m/n/10.95 's
 []


Overfull \hbox (0.86757pt too wide) in paragraph at lines 2172--2172
\T1/lmr/m/n/10.95 role.| 
 []


Overfull \hbox (35.84398pt too wide) in paragraph at lines 2172--2172
[]|\T1/lmr/m/n/10.95 ``Concerned
 []


Underfull \hbox (badness 10000) in paragraph at lines 2172--2172
\T1/lmr/m/n/10.95 in-
 []


Underfull \hbox (badness 10000) in paragraph at lines 2172--2172
\T1/lmr/m/n/10.95 di-
 []


Underfull \hbox (badness 10000) in paragraph at lines 2172--2172
\T1/lmr/m/n/10.95 vid-
 []


Underfull \hbox (badness 10000) in paragraph at lines 2172--2172
\T1/lmr/m/n/10.95 ual''
 []


Underfull \hbox (badness 10000) in paragraph at lines 2172--2172
\T1/lmr/m/n/10.95 un-
 []


Overfull \hbox (15.74146pt too wide) in paragraph at lines 2172--2172
\T1/lmr/m/n/10.95 packed.| 
 []


Overfull \hbox (9.84082pt too wide) in paragraph at lines 2172--2172
[]|\T1/lmr/m/n/10.95 Direct
 []


Underfull \hbox (badness 10000) in paragraph at lines 2172--2172
\T1/lmr/m/n/10.95 or
 []


Overfull \hbox (27.96893pt too wide) in paragraph at lines 2172--2172
\T1/lmr/m/n/10.95 hierarchy-
 []


Overfull \hbox (7.55899pt too wide) in paragraph at lines 2172--2172
\T1/lmr/m/n/10.95 aware
 []


Overfull \hbox (15.43716pt too wide) in paragraph at lines 2172--2172
\T1/lmr/m/n/10.95 lookup.| 
 []


Overfull \hbox (24.71367pt too wide) in paragraph at lines 2172--2172
[]|\T1/lmr/m/n/10.95 Renamed
 []


Overfull \hbox (9.65564pt too wide) in paragraph at lines 2172--2172
\T1/lmr/m/n/10.95 (``con-
 []


Overfull \hbox (8.49977pt too wide) in paragraph at lines 2172--2172
\T1/lmr/m/n/10.95 tains''
 []


Underfull \hbox (badness 10000) in paragraph at lines 2172--2172
\T1/lmr/m/n/10.95 is
 []


Underfull \hbox (badness 10000) in paragraph at lines 2172--2172
\T1/lmr/m/n/10.95 re-
 []


Overfull \hbox (10.05371pt too wide) in paragraph at lines 2172--2172
\T1/lmr/m/n/10.95 served
 []


Underfull \hbox (badness 10000) in paragraph at lines 2172--2172
\T1/lmr/m/n/10.95 in
 []


Overfull \hbox (4.79108pt too wide) in paragraph at lines 2172--2172
\T1/lmr/m/n/10.95 Souf-
 []

[46]
Overfull \vbox (1170.08424pt too high) has occurred while \output is active []


[47
pdfTeX warning (ext4): destination with the same identifier (name{table.4}) has
 been already used, duplicate ignored
<argument> ...shipout:D \box_use:N \l_shipout_box 
                                                  \__shipout_drop_firstpage_...
l.2176 
       ]
Overfull \hbox (25.96184pt too wide) in paragraph at lines 2184--2185
\T1/lmr/m/n/10.95 The fact database (\T1/lmtt/m/n/10.95 hipaa_facts.dl\T1/lmr/m
/n/10.95 ) de-fines 10 test sce-nar-ios. Each sce-nario is a \T1/lmtt/m/n/10.95
 disclosure_attempted
 []


Underfull \hbox (badness 10000) in paragraph at lines 2233--2233
[]|\T1/lmr/m/n/10.95 De-identified info (sta-tis-ti-cal
 []


ignored: Infinite glue shrinkage found in box being split [48
pdfTeX warning (ext4): destination with the same identifier (name{table.5}) has
 been already used, duplicate ignored
<argument> ...shipout:D \box_use:N \l_shipout_box 
                                                  \__shipout_drop_firstpage_...
l.2239 \end{longtable}
                      ]
Overfull \hbox (67.63326pt too wide) in paragraph at lines 2258--2259
[]\T1/lmr/m/n/10.95 Propagates up through \T1/lmtt/m/n/10.95 permitted_by_164_5
06_c $\OMS/lmsy/m/n/10.95 !$ \T1/lmtt/m/n/10.95 permitted_by_164_506_a $\OMS/lm
sy/m/n/10.95 !$ \T1/lmtt/m/n/10.95 permitted_by_164_506
 []


Overfull \hbox (22.29434pt too wide) in paragraph at lines 2258--2259
\OMS/lmsy/m/n/10.95 !$ \T1/lmtt/m/n/10.95 permitted_by_164_502_a_1_ii $\OMS/lms
y/m/n/10.95 !$ \T1/lmtt/m/n/10.95 permitted_by_164_502_a_1 $\OMS/lmsy/m/n/10.95
 !$ \T1/lmtt/m/n/10.95 permitted_by_164_502_a
 []

[49]
Overfull \hbox (3.961pt too wide) in paragraph at lines 2293--2294
[]\T1/lmtt/m/n/10.95 is_personal_representative("parent_frank", "patient_charli
e") \T1/lmr/m/n/10.95 via Ÿ502(g)(3): par-
 []

[50] [51] [52]
Overfull \hbox (91.59888pt too wide) in paragraph at lines 2440--2441
[]\T1/lmr/m/n/10.95 This can cause sub-tle bugs. For ex-am-ple, when we first w
rote Ÿ164.502(a)(2)(ii), in-clud-ing \T1/lmtt/m/n/10.95 permitted_by_160_C(ARGS
)
 []


Overfull \hbox (95.93259pt too wide) in paragraph at lines 2476--2477
[]\T1/lmr/m/n/10.95 In the Dat-a-log for-mal-iza-tion, this block-ing is im-ple
-mented through the pred-i-cate \T1/lmtt/m/n/10.95 require_authorization_by_164
_508\T1/lmr/m/n/10.95 .
 []

[53] [54] [55] [56]
Overfull \hbox (9.19295pt too wide) in paragraph at lines 2648--2649
[]\T1/lmr/m/n/10.95 The pa-tient has agreed or not ob-jected (Ÿ510(b)(2)), OR t
he pa-tient is not present/incapacitated
 []

[57] [58]
Overfull \hbox (34.15703pt too wide) in paragraph at lines 2706--2707
\T1/lmr/m/n/10.95 pred-i-cates (e.g., \T1/lmtt/m/n/10.95 is_authorized_by_law_f
or_purpose\T1/lmr/m/n/10.95 , \T1/lmtt/m/n/10.95 has_given_notice_of_workplace_
disclosure\T1/lmr/m/n/10.95 ). 
 []

[59] [60]
Overfull \hbox (99.26753pt too wide) in paragraph at lines 2791--2792
\T1/lmr/m/n/10.95 Permits dis-clo-sures au-tho-rized by work-ers' com-pen-sa-ti
on laws. A sin-gle or-a-cle pred-i-cate \T1/lmtt/m/n/10.95 authorized_for_worke
rs_comp
 []


Overfull \hbox (47.31827pt too wide) in paragraph at lines 2825--2826
\T1/lmr/m/n/10.95 iden-ti-fi-ca-tion is very small. Mod-eled as the or-a-cle pr
ed-i-cate \T1/lmtt/m/n/10.95 expert_determination_deidentified(t)\T1/lmr/m/n/10
.95 . 
 []

[61] [62] [63]
Overfull \hbox (170.3017pt too wide) in paragraph at lines 2940--2941
[]\T1/lmr/m/n/10.95 All de-nial grounds use or-a-cle pred-i-cates (e.g., \T1/lm
tt/m/n/10.95 determines_access_would_endanger\T1/lmr/m/n/10.95 , \T1/lmtt/m/n/1
0.95 determines_likely_to_cause_harm_to_other\T1/lmr/m/n/10.95 ),
 []

[64] [65
pdfTeX warning (ext4): destination with the same identifier (name{table.7}) has
 been already used, duplicate ignored
<argument> ...shipout:D \box_use:N \l_shipout_box 
                                                  \__shipout_drop_firstpage_...
l.3010 \end{description}
                        ] [66] [67] [68] [69] [70]
(./hipaa_formalization_guide.aux)
 ***********
LaTeX2e <2025-11-01>
L3 programming layer <2026-01-19>
 ***********


LaTeX Warning: Label(s) may have changed. Rerun to get cross-references right.

Package rerunfilecheck Info: File `hipaa_formalization_guide.out' has not chang
ed.
(rerunfilecheck)             Checksum: AF1995195F0CA2C4D9E1C0EA87C68AAC;37724.
 ) 
Here is how much of TeX's memory you used:
 43017 strings out of 467525
 921353 string characters out of 5418982
 1850435 words of memory out of 5000000
 69971 multiletter control sequences out of 15000+600000
 700552 words of font info for 101 fonts, out of 8000000 for 9000
 1141 hyphenation exceptions out of 8191
 130i,12n,124p,1622b,2493s stack positions out of 10000i,1000n,20000p,200000b,200000s
</usr/local/texlive/2026/texmf-dist/fonts/type1/public/lm/lmbx10.pfb></usr/lo
cal/texlive/2026/texmf-dist/fonts/type1/public/lm/lmbx12.pfb></usr/local/texliv
e/2026/texmf-dist/fonts/type1/public/lm/lmex10.pfb></usr/local/texlive/2026/tex
mf-dist/fonts/type1/public/lm/lmmi10.pfb></usr/local/texlive/2026/texmf-dist/fo
nts/type1/public/lm/lmmi8.pfb></usr/local/texlive/2026/texmf-dist/fonts/type1/p
ublic/lm/lmr10.pfb></usr/local/texlive/2026/texmf-dist/fonts/type1/public/lm/lm
r12.pfb></usr/local/texlive/2026/texmf-dist/fonts/type1/public/lm/lmr6.pfb></us
r/local/texlive/2026/texmf-dist/fonts/type1/public/lm/lmr8.pfb></usr/local/texl
ive/2026/texmf-dist/fonts/type1/public/lm/lmri10.pfb></usr/local/texlive/2026/t
exmf-dist/fonts/type1/public/lm/lmsy10.pfb></usr/local/texlive/2026/texmf-dist/
fonts/type1/public/lm/lmsy8.pfb></usr/local/texlive/2026/texmf-dist/fonts/type1
/public/lm/lmtk10.pfb></usr/local/texlive/2026/texmf-dist/fonts/type1/public/lm
/lmtko10.pfb></usr/local/texlive/2026/texmf-dist/fonts/type1/public/lm/lmtt10.p
fb></usr/local/texlive/2026/texmf-dist/fonts/type1/public/lm/lmtt8.pfb></usr/lo
cal/texlive/2026/texmf-dist/fonts/type1/public/lm/lmtti10.pfb></usr/local/texli
ve/2026/texmf-dist/fonts/type1/public/amsfonts/symbols/msam10.pfb>
Output written on hipaa_formalization_guide.pdf (70 pages, 675266 bytes).
PDF statistics:
 2705 PDF objects out of 2984 (max. 8388607)
 2569 compressed objects within 26 object streams
 1399 named destinations out of 1440 (max. 500000)
 1325 words of extra memory for PDF output out of 10000 (max. 10000000)

